Archive member included to satisfy reference by file (symbol)

c:/program files (x86)/atmel/studio/7.0/toolchain/arm/arm-gnu-toolchain/bin/../lib/gcc/arm-none-eabi/6.3.1/thumb/v8-m.base\libgcc.a(_aeabi_uldivmod.o)
                              hpl/sercom/hpl_sercom.o (__aeabi_uldivmod)
c:/program files (x86)/atmel/studio/7.0/toolchain/arm/arm-gnu-toolchain/bin/../lib/gcc/arm-none-eabi/6.3.1/thumb/v8-m.base\libgcc.a(_muldi3.o)
                              hpl/sercom/hpl_sercom.o (__aeabi_lmul)
c:/program files (x86)/atmel/studio/7.0/toolchain/arm/arm-gnu-toolchain/bin/../lib/gcc/arm-none-eabi/6.3.1/thumb/v8-m.base\libgcc.a(_fixunsdfsi.o)
                              hpl/sercom/hpl_sercom.o (__aeabi_d2uiz)
c:/program files (x86)/atmel/studio/7.0/toolchain/arm/arm-gnu-toolchain/bin/../lib/gcc/arm-none-eabi/6.3.1/thumb/v8-m.base\libgcc.a(_udivmoddi4.o)
                              c:/program files (x86)/atmel/studio/7.0/toolchain/arm/arm-gnu-toolchain/bin/../lib/gcc/arm-none-eabi/6.3.1/thumb/v8-m.base\libgcc.a(_aeabi_uldivmod.o) (__udivmoddi4)
c:/program files (x86)/atmel/studio/7.0/toolchain/arm/arm-gnu-toolchain/bin/../lib/gcc/arm-none-eabi/6.3.1/thumb/v8-m.base\libgcc.a(addsf3.o)
                              main.o (__aeabi_fadd)
c:/program files (x86)/atmel/studio/7.0/toolchain/arm/arm-gnu-toolchain/bin/../lib/gcc/arm-none-eabi/6.3.1/thumb/v8-m.base\libgcc.a(divsf3.o)
                              BME280_Driver.o (__aeabi_fdiv)
c:/program files (x86)/atmel/studio/7.0/toolchain/arm/arm-gnu-toolchain/bin/../lib/gcc/arm-none-eabi/6.3.1/thumb/v8-m.base\libgcc.a(mulsf3.o)
                              BME280_Driver.o (__aeabi_fmul)
c:/program files (x86)/atmel/studio/7.0/toolchain/arm/arm-gnu-toolchain/bin/../lib/gcc/arm-none-eabi/6.3.1/thumb/v8-m.base\libgcc.a(floatsisf.o)
                              BME280_Driver.o (__aeabi_i2f)
c:/program files (x86)/atmel/studio/7.0/toolchain/arm/arm-gnu-toolchain/bin/../lib/gcc/arm-none-eabi/6.3.1/thumb/v8-m.base\libgcc.a(floatunsisf.o)
                              BME280_Driver.o (__aeabi_ui2f)
c:/program files (x86)/atmel/studio/7.0/toolchain/arm/arm-gnu-toolchain/bin/../lib/gcc/arm-none-eabi/6.3.1/thumb/v8-m.base\libgcc.a(divdf3.o)
                              hpl/sercom/hpl_sercom.o (__aeabi_ddiv)
c:/program files (x86)/atmel/studio/7.0/toolchain/arm/arm-gnu-toolchain/bin/../lib/gcc/arm-none-eabi/6.3.1/thumb/v8-m.base\libgcc.a(muldf3.o)
                              hpl/sercom/hpl_sercom.o (__aeabi_dmul)
c:/program files (x86)/atmel/studio/7.0/toolchain/arm/arm-gnu-toolchain/bin/../lib/gcc/arm-none-eabi/6.3.1/thumb/v8-m.base\libgcc.a(subdf3.o)
                              hpl/sercom/hpl_sercom.o (__aeabi_dsub)
c:/program files (x86)/atmel/studio/7.0/toolchain/arm/arm-gnu-toolchain/bin/../lib/gcc/arm-none-eabi/6.3.1/thumb/v8-m.base\libgcc.a(fixdfsi.o)
                              c:/program files (x86)/atmel/studio/7.0/toolchain/arm/arm-gnu-toolchain/bin/../lib/gcc/arm-none-eabi/6.3.1/thumb/v8-m.base\libgcc.a(_fixunsdfsi.o) (__aeabi_d2iz)
c:/program files (x86)/atmel/studio/7.0/toolchain/arm/arm-gnu-toolchain/bin/../lib/gcc/arm-none-eabi/6.3.1/thumb/v8-m.base\libgcc.a(floatsidf.o)
                              hpl/sercom/hpl_sercom.o (__aeabi_i2d)
c:/program files (x86)/atmel/studio/7.0/toolchain/arm/arm-gnu-toolchain/bin/../lib/gcc/arm-none-eabi/6.3.1/thumb/v8-m.base\libgcc.a(floatunsidf.o)
                              hpl/sercom/hpl_sercom.o (__aeabi_ui2d)
c:/program files (x86)/atmel/studio/7.0/toolchain/arm/arm-gnu-toolchain/bin/../lib/gcc/arm-none-eabi/6.3.1/thumb/v8-m.base\libgcc.a(extendsfdf2.o)
                              main.o (__aeabi_f2d)
c:/program files (x86)/atmel/studio/7.0/toolchain/arm/arm-gnu-toolchain/bin/../lib/gcc/arm-none-eabi/6.3.1/thumb/v8-m.base\libgcc.a(_dvmd_tls.o)
                              c:/program files (x86)/atmel/studio/7.0/toolchain/arm/arm-gnu-toolchain/bin/../lib/gcc/arm-none-eabi/6.3.1/thumb/v8-m.base\libgcc.a(_aeabi_uldivmod.o) (__aeabi_ldiv0)
c:/program files (x86)/atmel/studio/7.0/toolchain/arm/arm-gnu-toolchain/bin/../lib/gcc/arm-none-eabi/6.3.1/thumb/v8-m.base\libgcc.a(_arm_cmpdf2.o)
                              c:/program files (x86)/atmel/studio/7.0/toolchain/arm/arm-gnu-toolchain/bin/../lib/gcc/arm-none-eabi/6.3.1/thumb/v8-m.base\libgcc.a(_fixunsdfsi.o) (__aeabi_dcmpge)
c:/program files (x86)/atmel/studio/7.0/toolchain/arm/arm-gnu-toolchain/bin/../lib/gcc/arm-none-eabi/6.3.1/thumb/v8-m.base\libgcc.a(_clzsi2.o)
                              c:/program files (x86)/atmel/studio/7.0/toolchain/arm/arm-gnu-toolchain/bin/../lib/gcc/arm-none-eabi/6.3.1/thumb/v8-m.base\libgcc.a(_udivmoddi4.o) (__clzsi2)
c:/program files (x86)/atmel/studio/7.0/toolchain/arm/arm-gnu-toolchain/bin/../lib/gcc/arm-none-eabi/6.3.1/thumb/v8-m.base\libgcc.a(eqdf2.o)
[...]
Memory Configuration

Name             Origin             Length             Attributes
rom              0x00000000         0x0000fb00         xr
rom_nsc          0x0000fb00         0x00000400         xr
ram              0x20000000         0x00003f80         xrw
userrow          0x00804000         0x00000100         rw
*default*        0x00000000         0xffffffff

Linker script and memory map

LOAD c:/program files (x86)/atmel/studio/7.0/toolchain/arm/arm-gnu-toolchain/bin/../lib/gcc/arm-none-eabi/6.3.1/thumb/v8-m.base/crti.o
LOAD c:/program files (x86)/atmel/studio/7.0/toolchain/arm/arm-gnu-toolchain/bin/../lib/gcc/arm-none-eabi/6.3.1/thumb/v8-m.base/crtbegin.o
LOAD c:/program files (x86)/atmel/studio/7.0/toolchain/arm/arm-gnu-toolchain/bin/../lib/gcc/arm-none-eabi/6.3.1/../../../../arm-none-eabi/lib/thumb/v8-m.base/crt0.o
LOAD atmel_start.o
LOAD BME280_Driver.o
LOAD Device_Startup/startup_saml11e16a.o
LOAD Device_Startup/system_saml11e16a.o
LOAD driver_init.o
LOAD examples/driver_examples.o
LOAD hal/src/hal_atomic.o
LOAD hal/src/hal_delay.o
LOAD hal/src/hal_gpio.o
LOAD hal/src/hal_i2c_m_sync.o
LOAD hal/src/hal_init.o
LOAD hal/src/hal_io.o
LOAD hal/src/hal_sleep.o
LOAD hal/src/hal_usart_sync.o
LOAD hal/src/hal_wdt.o
LOAD hal/utils/src/utils_assert.o
LOAD hal/utils/src/utils_event.o
LOAD hal/utils/src/utils_list.o
LOAD hal/utils/src/utils_syscalls.o
LOAD hpl/core/hpl_core_m23_base.o
LOAD hpl/core/hpl_init.o
LOAD hpl/dmac/hpl_dmac.o
LOAD hpl/gclk/hpl_gclk.o
LOAD hpl/mclk/hpl_mclk.o
LOAD hpl/osc32kctrl/hpl_osc32kctrl.o
LOAD hpl/oscctrl/hpl_oscctrl.o
LOAD hpl/pm/hpl_pm.o
LOAD hpl/sercom/hpl_sercom.o
LOAD hpl/systick/hpl_systick.o
LOAD hpl/wdt/hpl_wdt.o
LOAD main.o
LOAD trustzone/trustzone_manager.o
LOAD trustzone/trustzone_veneer.o
START GROUP
LOAD c:/program files (x86)/atmel/studio/7.0/toolchain/arm/arm-gnu-toolchain/bin/../lib/gcc/arm-none-eabi/6.3.1/../../../../arm-none-eabi/lib/thumb/v8-m.base\libm.a
END GROUP
START GROUP
LOAD c:/program files (x86)/atmel/studio/7.0/toolchain/arm/arm-gnu-toolchain/bin/../lib/gcc/arm-none-eabi/6.3.1/thumb/v8-m.base\libgcc.a
LOAD c:/program files (x86)/atmel/studio/7.0/toolchain/arm/arm-gnu-toolchain/bin/../lib/gcc/arm-none-eabi/6.3.1/../../../../arm-none-eabi/lib/thumb/v8-m.base\libc_nano.a
END GROUP
START GROUP
LOAD c:/program files (x86)/atmel/studio/7.0/toolchain/arm/arm-gnu-toolchain/bin/../lib/gcc/arm-none-eabi/6.3.1/thumb/v8-m.base\libgcc.a
LOAD c:/program files (x86)/atmel/studio/7.0/toolchain/arm/arm-gnu-toolchain/bin/../lib/gcc/arm-none-eabi/6.3.1/../../../../arm-none-eabi/lib/thumb/v8-m.base\libc_nano.a
END GROUP
LOAD c:/program files (x86)/atmel/studio/7.0/toolchain/arm/arm-gnu-toolchain/bin/../lib/gcc/arm-none-eabi/6.3.1/thumb/v8-m.base/crtend.o
LOAD c:/program files (x86)/atmel/studio/7.0/toolchain/arm/arm-gnu-toolchain/bin/../lib/gcc/arm-none-eabi/6.3.1/thumb/v8-m.base/crtn.o
                0x00000400                STACK_SIZE = DEFINED (STACK_SIZE)?STACK_SIZE:DEFINED (__stack_size__)?__stack_size__:0x400
                0x00000200                HEAP_SIZE = DEFINED (HEAP_SIZE)?HEAP_SIZE:DEFINED (__heap_size__)?__heap_size__:0x200

.text           0x00000000     0x5dec
                0x00000000                . = ALIGN (0x4)
                0x00000000                _sfixed = .
 *(.vectors .vectors.*)
 .vectors       0x00000000       0xf4 Device_Startup/startup_saml11e16a.o
                0x00000000                exception_table
 *trustzone_veneer.o(.text.*)
 .text.nsc_periph_clock_init
                0x000000f4       0x32 trustzone/trustzone_veneer.o
                0x000000f4                __acle_se_nsc_periph_clock_init
 .text.nsc_ext_irq_init
                0x00000126       0xec trustzone/trustzone_veneer.o
                0x00000126                __acle_se_nsc_ext_irq_init
 *(.text .text.* .gnu.linkonce.t.*)
 *fill*         0x00000212        0x2 
 .text          0x00000214       0x6c c:/program files (x86)/atmel/studio/7.0/toolchain/arm/arm-gnu-toolchain/bin/../lib/gcc/arm-none-eabi/6.3.1/thumb/v8-m.base/crtbegin.o
 .text.atmel_start_init
                0x00000280       0x2c atmel_start.o
                0x00000280                atmel_start_init
 .text.I2C_WriteRegister
                0x000002ac       0x28 BME280_Driver.o
 .text.I2C_ReadRegister
                0x000002d4       0x38 BME280_Driver.o
 .text.BME280_ReadMeasurements
                0x0000030c       0x7e BME280_Driver.o
                0x0000030c                BME280_ReadMeasurements
 .text.BME280_GetStatus
                0x0000038a       0x10 BME280_Driver.o
                0x0000038a                BME280_GetStatus
 .text.BME280_GetCtrlMeasurement
                0x0000039a       0x10 BME280_Driver.o
                0x0000039a                BME280_GetCtrlMeasurement
 .text.BME280_GetConfig
                0x000003aa       0x10 BME280_Driver.o
                0x000003aa                BME280_GetConfig
 .text.BME280_ReadCalibrationParams
                0x000003ba      0x13c BME280_Driver.o
                0x000003ba                BME280_ReadCalibrationParams
 .text.BME280_SetOversamplingPressure
                0x000004f6       0x28 BME280_Driver.o
                0x000004f6                BME280_SetOversamplingPressure
 .text.BME280_SetOversamplingTemperature
                0x0000051e       0x26 BME280_Driver.o
                0x0000051e                BME280_SetOversamplingTemperature
 .text.BME280_SetOversamplingHumidity
                0x00000544       0x12 BME280_Driver.o
                0x00000544                BME280_SetOversamplingHumidity
 .text.BME280_SetOversamplingMode
                0x00000556       0x20 BME280_Driver.o
                0x00000556                BME280_SetOversamplingMode
 .text.BME280_SetFilterCoefficient
                0x00000576        0xe BME280_Driver.o
                0x00000576                BME280_SetFilterCoefficient
 .text.BME280_SetStandbyTime
                0x00000584        0xe BME280_Driver.o
                0x00000584                BME280_SetStandbyTime
 .text.BME280_IsMeasuring
                0x00000592       0x12 BME280_Driver.o
                0x00000592                BME280_IsMeasuring
 .text.BME280_GetTemperature
                0x000005a4       0x60 BME280_Driver.o
                0x000005a4                BME280_GetTemperature
 .text.BME280_GetHumidity
                0x00000604       0xaa BME280_Driver.o
                0x00000604                BME280_GetHumidity
 *fill*         0x000006ae        0x2 
 .text.BME280_GetPressure
                0x000006b0       0xd4 BME280_Driver.o
                0x000006b0                BME280_GetPressure
 .text.Dummy_Handler
                0x00000784        0x2 Device_Startup/startup_saml11e16a.o
                0x00000784                SVCall_Handler
                0x00000784                SERCOM0_2_Handler
                0x00000784                EVSYS_0_Handler
                0x00000784                TRNG_Handler
                0x00000784                HardFault_Handler
                0x00000784                ADC_RESRDY_Handler
                0x00000784                TC2_Handler
                0x00000784                AC_Handler
                0x00000784                DMAC_OTHER_Handler
                0x00000784                SysTick_Handler
                0x00000784                PendSV_Handler
                0x00000784                EVSYS_3_Handler
                0x00000784                NonMaskableInt_Handler
                0x00000784                SERCOM0_OTHER_Handler
                0x00000784                EIC_3_Handler
                0x00000784                SERCOM0_0_Handler
                0x00000784                RTC_Handler
                0x00000784                SERCOM1_OTHER_Handler
                0x00000784                EVSYS_1_Handler
                0x00000784                DMAC_0_Handler
                0x00000784                WDT_Handler
                0x00000784                TRAM_Handler
                0x00000784                EVSYS_NSCHK_Handler
                0x00000784                TC1_Handler
                0x00000784                DAC_EMPTY_Handler
                0x00000784                PAC_Handler
                0x00000784                EIC_0_Handler
                0x00000784                Dummy_Handler
                0x00000784                DMAC_2_Handler
                0x00000784                SERCOM0_1_Handler
                0x00000784                DMAC_1_Handler
                0x00000784                SERCOM1_1_Handler
                0x00000784                EIC_2_Handler
                0x00000784                NVMCTRL_Handler
                0x00000784                PORT_Handler
                0x00000784                SYSTEM_Handler
                0x00000784                SERCOM1_0_Handler
                0x00000784                SERCOM2_1_Handler
                0x00000784                SERCOM1_2_Handler
                0x00000784                EIC_1_Handler
                0x00000784                SERCOM2_2_Handler
                0x00000784                PTC_Handler
                0x00000784                EVSYS_2_Handler
                0x00000784                SERCOM2_OTHER_Handler
                0x00000784                FREQM_Handler
                0x00000784                DAC_UNDERRUN_A_Handler
                0x00000784                TC0_Handler
                0x00000784                EIC_OTHER_Handler
                0x00000784                ADC_OTHER_Handler
                0x00000784                DMAC_3_Handler
                0x00000784                SERCOM2_0_Handler
 *fill*         0x00000786        0x2 
 .text.Reset_Handler
                0x00000788       0xc4 Device_Startup/startup_saml11e16a.o
                0x00000788                Reset_Handler
 .text.I2C_0_PORT_init
                0x0000084c       0x50 driver_init.o
                0x0000084c                I2C_0_PORT_init
 .text.I2C_0_CLOCK_init
                0x0000089c       0x26 driver_init.o
                0x0000089c                I2C_0_CLOCK_init
 .text.I2C_0_init
                0x000008c2       0x32 driver_init.o
                0x000008c2                I2C_0_init
 .text.USART_0_PORT_init
                0x000008f4       0x42 driver_init.o
                0x000008f4                USART_0_PORT_init
 .text.USART_0_CLOCK_init
                0x00000936       0x26 driver_init.o
                0x00000936                USART_0_CLOCK_init
 .text.USART_0_init
                0x0000095c       0x34 driver_init.o
                0x0000095c                USART_0_init
 .text.delay_driver_init
                0x00000990       0x16 driver_init.o
                0x00000990                delay_driver_init
 .text.WDT_0_CLOCK_init
                0x000009a6       0x14 driver_init.o
                0x000009a6                WDT_0_CLOCK_init
 .text.WDT_0_init
                0x000009ba       0x40 driver_init.o
                0x000009ba                WDT_0_init
 .text.system_init
                0x000009fa       0x36 driver_init.o
                0x000009fa                system_init
 .text.delay_init
                0x00000a30       0x18 hal/src/hal_delay.o
                0x00000a30                delay_init
 .text.delay_ms
                0x00000a48       0x26 hal/src/hal_delay.o
                0x00000a48                delay_ms
 *fill*         0x00000a6e        0x2 
 .text.i2c_m_sync_write
                0x00000a70       0x30 hal/src/hal_i2c_m_sync.o
 .text.i2c_m_sync_read
                0x00000aa0       0x30 hal/src/hal_i2c_m_sync.o
 .text.i2c_m_sync_init
                0x00000ad0       0x46 hal/src/hal_i2c_m_sync.o
                0x00000ad0                i2c_m_sync_init
 .text.i2c_m_sync_enable
                0x00000b16        0xe hal/src/hal_i2c_m_sync.o
                0x00000b16                i2c_m_sync_enable
 .text.i2c_m_sync_set_slaveaddr
                0x00000b24       0x12 hal/src/hal_i2c_m_sync.o
                0x00000b24                i2c_m_sync_set_slaveaddr
 .text.i2c_m_sync_get_io_descriptor
                0x00000b36        0x8 hal/src/hal_i2c_m_sync.o
                0x00000b36                i2c_m_sync_get_io_descriptor
 .text.io_write
                0x00000b3e       0x36 hal/src/hal_io.o
                0x00000b3e                io_write
 .text.io_read  0x00000b74       0x36 hal/src/hal_io.o
                0x00000b74                io_read
 .text.usart_sync_write
                0x00000baa       0x8a hal/src/hal_usart_sync.o
 .text.usart_sync_read
                0x00000c34       0x6a hal/src/hal_usart_sync.o
 .text.usart_sync_init
                0x00000c9e       0x50 hal/src/hal_usart_sync.o
                0x00000c9e                usart_sync_init
 .text.usart_sync_enable
                0x00000cee       0x30 hal/src/hal_usart_sync.o
                0x00000cee                usart_sync_enable
 .text.usart_sync_get_io_descriptor
                0x00000d1e       0x2e hal/src/hal_usart_sync.o
                0x00000d1e                usart_sync_get_io_descriptor
 .text.assert   0x00000d4c        0x6 hal/utils/src/utils_assert.o
                0x00000d4c                assert
 .text._sbrk    0x00000d52       0x32 hal/utils/src/utils_syscalls.o
                0x00000d52                _sbrk
 .text._get_cycles_for_ms
                0x00000d84        0x8 hpl/core/hpl_core_m23_base.o
                0x00000d84                _get_cycles_for_ms
 .text._init_chip
                0x00000d8c       0x50 hpl/core/hpl_init.o
                0x00000d8c                _init_chip
 .text._gclk_init_generators_by_fref
                0x00000ddc       0x4e hpl/gclk/hpl_gclk.o
                0x00000ddc                _gclk_init_generators_by_fref
 .text._mclk_init
                0x00000e2a        0xe hpl/mclk/hpl_mclk.o
                0x00000e2a                _mclk_init
 .text._osc32kctrl_init_sources
                0x00000e38       0x22 hpl/osc32kctrl/hpl_osc32kctrl.o
                0x00000e38                _osc32kctrl_init_sources
 .text._oscctrl_init_sources
                0x00000e5a       0x2e hpl/oscctrl/hpl_oscctrl.o
                0x00000e5a                _oscctrl_init_sources
 .text._oscctrl_init_referenced_generators
                0x00000e88        0x2 hpl/oscctrl/hpl_oscctrl.o
                0x00000e88                _oscctrl_init_referenced_generators
 .text._set_performance_level
                0x00000e8a       0x3a hpl/pm/hpl_pm.o
                0x00000e8a                _set_performance_level
 .text._sercom_get_hardware_index
                0x00000ec4       0x3a hpl/sercom/hpl_sercom.o
 *fill*         0x00000efe        0x2 
 .text._usart_init
                0x00000f00       0xa4 hpl/sercom/hpl_sercom.o
 .text._get_i2cm_index
                0x00000fa4       0x2c hpl/sercom/hpl_sercom.o
 .text._i2c_m_sync_init_impl
                0x00000fd0      0x100 hpl/sercom/hpl_sercom.o
 .text._usart_sync_init
                0x000010d0       0x30 hpl/sercom/hpl_sercom.o
                0x000010d0                _usart_sync_init
 .text._usart_sync_enable
                0x00001100       0x14 hpl/sercom/hpl_sercom.o
                0x00001100                _usart_sync_enable
 .text._usart_sync_write_byte
                0x00001114        0x8 hpl/sercom/hpl_sercom.o
                0x00001114                _usart_sync_write_byte
 .text._usart_sync_read_byte
                0x0000111c        0x8 hpl/sercom/hpl_sercom.o
                0x0000111c                _usart_sync_read_byte
 .text._usart_sync_is_ready_to_send
                0x00001124        0xa hpl/sercom/hpl_sercom.o
                0x00001124                _usart_sync_is_ready_to_send
 .text._usart_sync_is_transmit_done
                0x0000112e        0xa hpl/sercom/hpl_sercom.o
                0x0000112e                _usart_sync_is_transmit_done
 .text._usart_sync_is_byte_received
                0x00001138        0xa hpl/sercom/hpl_sercom.o
                0x00001138                _usart_sync_is_byte_received
 .text._i2c_m_sync_init
                0x00001142       0x34 hpl/sercom/hpl_sercom.o
                0x00001142                _i2c_m_sync_init
 .text._i2c_m_sync_enable
                0x00001176       0x72 hpl/sercom/hpl_sercom.o
                0x00001176                _i2c_m_sync_enable
 .text._i2c_m_sync_transfer
                0x000011e8      0x534 hpl/sercom/hpl_sercom.o
                0x000011e8                _i2c_m_sync_transfer
 .text._delay_init
                0x0000171c       0x18 hpl/systick/hpl_systick.o
                0x0000171c                _delay_init
 .text._delay_cycles
                0x00001734       0x60 hpl/systick/hpl_systick.o
                0x00001734                _delay_cycles
 .text._wdt_init
                0x00001794       0x70 hpl/wdt/hpl_wdt.o
                0x00001794                _wdt_init
 .text.enable_uart
                0x00001804       0x2c main.o
                0x00001804                enable_uart
 .text.i2c_read_register
                0x00001830       0x38 main.o
                0x00001830                i2c_read_register
 .text.enable_i2c
                0x00001868       0x3e main.o
                0x00001868                enable_i2c
 .text.BME280_INIT
                0x000018a6       0x4c main.o
                0x000018a6                BME280_INIT
 .text.Display_Values
                0x000018f2      0x1a0 main.o
                0x000018f2                Display_Values
 .text.main     0x00001a92      0x110 main.o
                0x00001a92                main
 *fill*         0x00001ba2        0x2 
 .text          0x00001ba4      0x318 c:/program files (x86)/atmel/studio/7.0/toolchain/arm/arm-gnu-toolchain/bin/../lib/gcc/arm-none-eabi/6.3.1/thumb/v8-m.base\libgcc.a(addsf3.o)
                0x00001ba4                __aeabi_fadd
 .text          0x00001ebc      0x294 c:/program files (x86)/atmel/studio/7.0/toolchain/arm/arm-gnu-toolchain/bin/../lib/gcc/arm-none-eabi/6.3.1/thumb/v8-m.base\libgcc.a(divsf3.o)
                0x00001ebc                __aeabi_fdiv
 .text          0x00002150      0x258 c:/program files (x86)/atmel/studio/7.0/toolchain/arm/arm-gnu-toolchain/bin/../lib/gcc/arm-none-eabi/6.3.1/thumb/v8-m.base\libgcc.a(mulsf3.o)
                0x00002150                __aeabi_fmul
 .text          0x000023a8       0xa0 c:/program files (x86)/atmel/studio/7.0/toolchain/arm/arm-gnu-toolchain/bin/../lib/gcc/arm-none-eabi/6.3.1/thumb/v8-m.base\libgcc.a(floatsisf.o)
                0x000023a8                __aeabi_i2f
 .text          0x00002448       0x8c c:/program files (x86)/atmel/studio/7.0/toolchain/arm/arm-gnu-toolchain/bin/../lib/gcc/arm-none-eabi/6.3.1/thumb/v8-m.base\libgcc.a(floatunsisf.o)
                0x00002448                __aeabi_ui2f
 .text          0x000024d4      0x650 c:/program files (x86)/atmel/studio/7.0/toolchain/arm/arm-gnu-toolchain/bin/../lib/gcc/arm-none-eabi/6.3.1/thumb/v8-m.base\libgcc.a(divdf3.o)
                0x000024d4                __aeabi_ddiv
 .text          0x00002b24      0x510 c:/program files (x86)/atmel/studio/7.0/toolchain/arm/arm-gnu-toolchain/bin/../lib/gcc/arm-none-eabi/6.3.1/thumb/v8-m.base\libgcc.a(muldf3.o)
                0x00002b24                __aeabi_dmul
 .text          0x00003034      0x698 c:/program files (x86)/atmel/studio/7.0/toolchain/arm/arm-gnu-toolchain/bin/../lib/gcc/arm-none-eabi/6.3.1/thumb/v8-m.base\libgcc.a(subdf3.o)
                0x00003034                __aeabi_dsub
 .text          0x000036cc       0x5c c:/program files (x86)/atmel/studio/7.0/toolchain/arm/arm-gnu-toolchain/bin/../lib/gcc/arm-none-eabi/6.3.1/thumb/v8-m.base\libgcc.a(fixdfsi.o)
                0x000036cc                __aeabi_d2iz
 .text          0x00003728       0x84 c:/program files (x86)/atmel/studio/7.0/toolchain/arm/arm-gnu-toolchain/bin/../lib/gcc/arm-none-eabi/6.3.1/thumb/v8-m.base\libgcc.a(floatsidf.o)
                0x00003728                __aeabi_i2d
 .text          0x000037ac       0x74 c:/program files (x86)/atmel/studio/7.0/toolchain/arm/arm-gnu-toolchain/bin/../lib/gcc/arm-none-eabi/6.3.1/thumb/v8-m.base\libgcc.a(floatunsidf.o)
                0x000037ac                __aeabi_ui2d
 .text          0x00003820       0xa4 c:/program files (x86)/atmel/studio/7.0/toolchain/arm/arm-gnu-toolchain/bin/../lib/gcc/arm-none-eabi/6.3.1/thumb/v8-m.base\libgcc.a(extendsfdf2.o)
                0x00003820                __aeabi_f2d
 .text          0x000038c4       0x7c c:/program files (x86)/atmel/studio/7.0/toolchain/arm/arm-gnu-toolchain/bin/../lib/gcc/arm-none-eabi/6.3.1/thumb/v8-m.base\libgcc.a(_arm_cmpdf2.o)
                0x000038c4                __aeabi_cdrcmple
                0x000038d4                __aeabi_cdcmple
                0x000038d4                __aeabi_cdcmpeq
                0x000038e4                __aeabi_dcmpeq
                0x000038f0                __aeabi_dcmplt
                0x00003904                __aeabi_dcmple
                0x00003918                __aeabi_dcmpgt
                0x0000392c                __aeabi_dcmpge
 .text          0x00003940       0x3c c:/program files (x86)/atmel/studio/7.0/toolchain/arm/arm-gnu-toolchain/bin/../lib/gcc/arm-none-eabi/6.3.1/thumb/v8-m.base\libgcc.a(_clzsi2.o)
                0x00003940                __clzsi2
 .text          0x0000397c       0x78 c:/program files (x86)/atmel/studio/7.0/toolchain/arm/arm-gnu-toolchain/bin/../lib/gcc/arm-none-eabi/6.3.1/thumb/v8-m.base\libgcc.a(eqdf2.o)
                0x0000397c                __nedf2
                0x0000397c                __eqdf2
 .text          0x000039f4       0xc4 c:/program files (x86)/atmel/studio/7.0/toolchain/arm/arm-gnu-toolchain/bin/../lib/gcc/arm-none-eabi/6.3.1/thumb/v8-m.base\libgcc.a(gedf2.o)
                0x000039f4                __gedf2
                0x000039f4                __gtdf2
 .text          0x00003ab8       0xc4 c:/program files (x86)/atmel/studio/7.0/toolchain/arm/arm-gnu-toolchain/bin/../lib/gcc/arm-none-eabi/6.3.1/thumb/v8-m.base\libgcc.a(ledf2.o)
                0x00003ab8                __ledf2
                0x00003ab8                __ltdf2
 .text.gcvt     0x00003b7c       0x4c c:/program files (x86)/atmel/studio/7.0/toolchain/arm/arm-gnu-toolchain/bin/../lib/gcc/arm-none-eabi/6.3.1/../../../../arm-none-eabi/lib/thumb/v8-m.base\libc_nano.a(lib_a-efgcvt.o)
                0x00003b7c                gcvt
 .text.__libc_init_array
                0x00003bc8       0x50 c:/program files (x86)/atmel/studio/7.0/toolchain/arm/arm-gnu-toolchain/bin/../lib/gcc/arm-none-eabi/6.3.1/../../../../arm-none-eabi/lib/thumb/v8-m.base\libc_nano.a(lib_a-init.o)
                0x00003bc8                __libc_init_array
 .text.__itoa   0x00003c18       0x30 c:/program files (x86)/atmel/studio/7.0/toolchain/arm/arm-gnu-toolchain/bin/../lib/gcc/arm-none-eabi/6.3.1/../../../../arm-none-eabi/lib/thumb/v8-m.base\libc_nano.a(lib_a-itoa.o)
                0x00003c18                __itoa
 .text.itoa     0x00003c48        0x8 c:/program files (x86)/atmel/studio/7.0/toolchain/arm/arm-gnu-toolchain/bin/../lib/gcc/arm-none-eabi/6.3.1/../../../../arm-none-eabi/lib/thumb/v8-m.base\libc_nano.a(lib_a-itoa.o)
                0x00003c48                itoa
 .text.memset   0x00003c50       0x10 c:/program files (x86)/atmel/studio/7.0/toolchain/arm/arm-gnu-toolchain/bin/../lib/gcc/arm-none-eabi/6.3.1/../../../../arm-none-eabi/lib/thumb/v8-m.base\libc_nano.a(lib_a-memset.o)
                0x00003c50                memset
 .text.__utoa   0x00003c60       0x64 c:/program files (x86)/atmel/studio/7.0/toolchain/arm/arm-gnu-toolchain/bin/../lib/gcc/arm-none-eabi/6.3.1/../../../../arm-none-eabi/lib/thumb/v8-m.base\libc_nano.a(lib_a-utoa.o)
                0x00003c60                __utoa
 .text.print_e  0x00003cc4       0xea c:/program files (x86)/atmel/studio/7.0/toolchain/arm/arm-gnu-toolchain/bin/../lib/gcc/arm-none-eabi/6.3.1/../../../../arm-none-eabi/lib/thumb/v8-m.base\libc_nano.a(lib_a-ecvtbuf.o)
 *fill*         0x00003dae        0x2 
 .text._gcvt    0x00003db0      0x184 c:/program files (x86)/atmel/studio/7.0/toolchain/arm/arm-gnu-toolchain/bin/../lib/gcc/arm-none-eabi/6.3.1/../../../../arm-none-eabi/lib/thumb/v8-m.base\libc_nano.a(lib_a-ecvtbuf.o)
                0x00003db0                _gcvt
 .text.memcpy   0x00003f34       0x12 c:/program files (x86)/atmel/studio/7.0/toolchain/arm/arm-gnu-toolchain/bin/../lib/gcc/arm-none-eabi/6.3.1/../../../../arm-none-eabi/lib/thumb/v8-m.base\libc_nano.a(lib_a-memcpy-stub.o)
                0x00003f34                memcpy
 .text._Balloc  0x00003f46       0x68 c:/program files (x86)/atmel/studio/7.0/toolchain/arm/arm-gnu-toolchain/bin/../lib/gcc/arm-none-eabi/6.3.1/../../../../arm-none-eabi/lib/thumb/v8-m.base\libc_nano.a(lib_a-mprec.o)
                0x00003f46                _Balloc
 .text._Bfree   0x00003fae       0x2e c:/program files (x86)/atmel/studio/7.0/toolchain/arm/arm-gnu-toolchain/bin/../lib/gcc/arm-none-eabi/6.3.1/../../../../arm-none-eabi/lib/thumb/v8-m.base\libc_nano.a(lib_a-mprec.o)
                0x00003fae                _Bfree
 .text.__multadd
                0x00003fdc       0x76 c:/program files (x86)/atmel/studio/7.0/toolchain/arm/arm-gnu-toolchain/bin/../lib/gcc/arm-none-eabi/6.3.1/../../../../arm-none-eabi/lib/thumb/v8-m.base\libc_nano.a(lib_a-mprec.o)
                0x00003fdc                __multadd
 .text.__hi0bits
                0x00004052       0x32 c:/program files (x86)/atmel/studio/7.0/toolchain/arm/arm-gnu-toolchain/bin/../lib/gcc/arm-none-eabi/6.3.1/../../../../arm-none-eabi/lib/thumb/v8-m.base\libc_nano.a(lib_a-mprec.o)
                0x00004052                __hi0bits
 .text.__lo0bits
                0x00004084       0x5a c:/program files (x86)/atmel/studio/7.0/toolchain/arm/arm-gnu-toolchain/bin/../lib/gcc/arm-none-eabi/6.3.1/../../../../arm-none-eabi/lib/thumb/v8-m.base\libc_nano.a(lib_a-mprec.o)
                0x00004084                __lo0bits
 .text.__i2b    0x000040de       0x12 c:/program files (x86)/atmel/studio/7.0/toolchain/arm/arm-gnu-toolchain/bin/../lib/gcc/arm-none-eabi/6.3.1/../../../../arm-none-eabi/lib/thumb/v8-m.base\libc_nano.a(lib_a-mprec.o)
                0x000040de                __i2b
 .text.__multiply
                0x000040f0      0x11c c:/program files (x86)/atmel/studio/7.0/toolchain/arm/arm-gnu-toolchain/bin/../lib/gcc/arm-none-eabi/6.3.1/../../../../arm-none-eabi/lib/thumb/v8-m.base\libc_nano.a(lib_a-mprec.o)
                0x000040f0                __multiply
 .text.__pow5mult
                0x0000420c       0x98 c:/program files (x86)/atmel/studio/7.0/toolchain/arm/arm-gnu-toolchain/bin/../lib/gcc/arm-none-eabi/6.3.1/../../../../arm-none-eabi/lib/thumb/v8-m.base\libc_nano.a(lib_a-mprec.o)
                0x0000420c                __pow5mult
 .text.__lshift
                0x000042a4       0xa0 c:/program files (x86)/atmel/studio/7.0/toolchain/arm/arm-gnu-toolchain/bin/../lib/gcc/arm-none-eabi/6.3.1/../../../../arm-none-eabi/lib/thumb/v8-m.base\libc_nano.a(lib_a-mprec.o)
                0x000042a4                __lshift
 .text.__mcmp   0x00004344       0x32 c:/program files (x86)/atmel/studio/7.0/toolchain/arm/arm-gnu-toolchain/bin/../lib/gcc/arm-none-eabi/6.3.1/../../../../arm-none-eabi/lib/thumb/v8-m.base\libc_nano.a(lib_a-mprec.o)
                0x00004344                __mcmp
 .text.__mdiff  0x00004376       0xc6 c:/program files (x86)/atmel/studio/7.0/toolchain/arm/arm-gnu-toolchain/bin/../lib/gcc/arm-none-eabi/6.3.1/../../../../arm-none-eabi/lib/thumb/v8-m.base\libc_nano.a(lib_a-mprec.o)
                0x00004376                __mdiff
 .text.__d2b    0x0000443c       0xa4 c:/program files (x86)/atmel/studio/7.0/toolchain/arm/arm-gnu-toolchain/bin/../lib/gcc/arm-none-eabi/6.3.1/../../../../arm-none-eabi/lib/thumb/v8-m.base\libc_nano.a(lib_a-mprec.o)
                0x0000443c                __d2b
 .text._mprec_log10
                0x000044e0       0x34 c:/program files (x86)/atmel/studio/7.0/toolchain/arm/arm-gnu-toolchain/bin/../lib/gcc/arm-none-eabi/6.3.1/../../../../arm-none-eabi/lib/thumb/v8-m.base\libc_nano.a(lib_a-mprec.o)
                0x000044e0                _mprec_log10
 .text._calloc_r
                0x00004514       0x1c c:/program files (x86)/atmel/studio/7.0/toolchain/arm/arm-gnu-toolchain/bin/../lib/gcc/arm-none-eabi/6.3.1/../../../../arm-none-eabi/lib/thumb/v8-m.base\libc_nano.a(lib_a-nano-callocr.o)
                0x00004514                _calloc_r
 .text._malloc_r
                0x00004530       0xbc c:/program files (x86)/atmel/studio/7.0/toolchain/arm/arm-gnu-toolchain/bin/../lib/gcc/arm-none-eabi/6.3.1/../../../../arm-none-eabi/lib/thumb/v8-m.base\libc_nano.a(lib_a-nano-mallocr.o)
                0x00004530                _malloc_r
 .text._sbrk_r  0x000045ec       0x20 c:/program files (x86)/atmel/studio/7.0/toolchain/arm/arm-gnu-toolchain/bin/../lib/gcc/arm-none-eabi/6.3.1/../../../../arm-none-eabi/lib/thumb/v8-m.base\libc_nano.a(lib_a-sbrkr.o)
                0x000045ec                _sbrk_r
 .text.strcpy   0x0000460c       0x10 c:/program files (x86)/atmel/studio/7.0/toolchain/arm/arm-gnu-toolchain/bin/../lib/gcc/arm-none-eabi/6.3.1/../../../../arm-none-eabi/lib/thumb/v8-m.base\libc_nano.a(lib_a-strcpy.o)
                0x0000460c                strcpy
 .text.quorem   0x0000461c      0x102 c:/program files (x86)/atmel/studio/7.0/toolchain/arm/arm-gnu-toolchain/bin/../lib/gcc/arm-none-eabi/6.3.1/../../../../arm-none-eabi/lib/thumb/v8-m.base\libc_nano.a(lib_a-dtoa.o)
 *fill*         0x0000471e        0x2 
 .text._dtoa_r  0x00004720      0xbb8 c:/program files (x86)/atmel/studio/7.0/toolchain/arm/arm-gnu-toolchain/bin/../lib/gcc/arm-none-eabi/6.3.1/../../../../arm-none-eabi/lib/thumb/v8-m.base\libc_nano.a(lib_a-dtoa.o)
                0x00004720                _dtoa_r
 .text.malloc   0x000052d8       0x14 c:/program files (x86)/atmel/studio/7.0/toolchain/arm/arm-gnu-toolchain/bin/../lib/gcc/arm-none-eabi/6.3.1/../../../../arm-none-eabi/lib/thumb/v8-m.base\libc_nano.a(lib_a-malloc.o)
                0x000052d8                malloc
 .text.__malloc_lock
                0x000052ec        0x2 c:/program files (x86)/atmel/studio/7.0/toolchain/arm/arm-gnu-toolchain/bin/../lib/gcc/arm-none-eabi/6.3.1/../../../../arm-none-eabi/lib/thumb/v8-m.base\libc_nano.a(lib_a-mlock.o)
                0x000052ec                __malloc_lock
 .text.__malloc_unlock
                0x000052ee        0x2 c:/program files (x86)/atmel/studio/7.0/toolchain/arm/arm-gnu-toolchain/bin/../lib/gcc/arm-none-eabi/6.3.1/../../../../arm-none-eabi/lib/thumb/v8-m.base\libc_nano.a(lib_a-mlock.o)
                0x000052ee                __malloc_unlock
 .text          0x000052f0       0x14 c:/program files (x86)/atmel/studio/7.0/toolchain/arm/arm-gnu-toolchain/bin/../lib/gcc/arm-none-eabi/6.3.1/thumb/v8-m.base\libgcc.a(_thumb1_case_uqi.o)
                0x000052f0                __gnu_thumb1_case_uqi
 .text          0x00005304      0x6c0 c:/program files (x86)/atmel/studio/7.0/toolchain/arm/arm-gnu-toolchain/bin/../lib/gcc/arm-none-eabi/6.3.1/thumb/v8-m.base\libgcc.a(adddf3.o)
                0x00005304                __aeabi_dadd
 *(.glue_7t)
 .glue_7t       0x000059c4        0x0 linker stubs
 *(.glue_7)
 .glue_7        0x000059c4        0x0 linker stubs
 *(.rodata .rodata* .gnu.linkonce.r.*)
 .rodata.str1.4
                0x000059c4       0x19 driver_init.o
 *fill*         0x000059dd        0x3 
 .rodata.str1.4
                0x000059e0       0x1c hal/src/hal_i2c_m_sync.o
 .rodata.str1.4
                0x000059fc       0x14 hal/src/hal_io.o
 .rodata.str1.4
                0x00005a10       0x1c hal/src/hal_usart_sync.o
 .rodata        0x00005a2c       0x24 hpl/sercom/hpl_sercom.o
 .rodata.str1.4
                0x00005a50       0x1b hpl/sercom/hpl_sercom.o
 *fill*         0x00005a6b        0x1 
 .rodata.str1.4
                0x00005a6c       0x15 hpl/wdt/hpl_wdt.o
 *fill*         0x00005a81        0x3 
 .rodata.str1.4
                0x00005a84       0x70 main.o
                                 0x8d (size before relaxing)
 .rodata        0x00005af4       0x80 c:/program files (x86)/atmel/studio/7.0/toolchain/arm/arm-gnu-toolchain/bin/../lib/gcc/arm-none-eabi/6.3.1/thumb/v8-m.base\libgcc.a(divsf3.o)
 .rodata        0x00005b74       0x40 c:/program files (x86)/atmel/studio/7.0/toolchain/arm/arm-gnu-toolchain/bin/../lib/gcc/arm-none-eabi/6.3.1/thumb/v8-m.base\libgcc.a(mulsf3.o)
 .rodata        0x00005bb4       0x40 c:/program files (x86)/atmel/studio/7.0/toolchain/arm/arm-gnu-toolchain/bin/../lib/gcc/arm-none-eabi/6.3.1/thumb/v8-m.base\libgcc.a(divdf3.o)
 .rodata        0x00005bf4       0x40 c:/program files (x86)/atmel/studio/7.0/toolchain/arm/arm-gnu-toolchain/bin/../lib/gcc/arm-none-eabi/6.3.1/thumb/v8-m.base\libgcc.a(muldf3.o)
 .rodata.__utoa.str1.1
                0x00005c34       0x25 c:/program files (x86)/atmel/studio/7.0/toolchain/arm/arm-gnu-toolchain/bin/../lib/gcc/arm-none-eabi/6.3.1/../../../../arm-none-eabi/lib/thumb/v8-m.base\libc_nano.a(lib_a-utoa.o)
 *fill*         0x00005c59        0x3 
 .rodata.__sf_fake_stderr
                0x00005c5c       0x20 c:/program files (x86)/atmel/studio/7.0/toolchain/arm/arm-gnu-toolchain/bin/../lib/gcc/arm-none-eabi/6.3.1/../../../../arm-none-eabi/lib/thumb/v8-m.base\libc_nano.a(lib_a-findfp.o)
                0x00005c5c                __sf_fake_stderr
 .rodata.__sf_fake_stdin
                0x00005c7c       0x20 c:/program files (x86)/atmel/studio/7.0/toolchain/arm/arm-gnu-toolchain/bin/../lib/gcc/arm-none-eabi/6.3.1/../../../../arm-none-eabi/lib/thumb/v8-m.base\libc_nano.a(lib_a-findfp.o)
                0x00005c7c                __sf_fake_stdin
 .rodata.__sf_fake_stdout
                0x00005c9c       0x20 c:/program files (x86)/atmel/studio/7.0/toolchain/arm/arm-gnu-toolchain/bin/../lib/gcc/arm-none-eabi/6.3.1/../../../../arm-none-eabi/lib/thumb/v8-m.base\libc_nano.a(lib_a-findfp.o)
                0x00005c9c                __sf_fake_stdout
 *fill*         0x00005cbc        0x4 
 .rodata.__mprec_bigtens
                0x00005cc0       0x28 c:/program files (x86)/atmel/studio/7.0/toolchain/arm/arm-gnu-toolchain/bin/../lib/gcc/arm-none-eabi/6.3.1/../../../../arm-none-eabi/lib/thumb/v8-m.base\libc_nano.a(lib_a-mprec.o)
                0x00005cc0                __mprec_bigtens
 .rodata.__mprec_tens
                0x00005ce8       0xc8 c:/program files (x86)/atmel/studio/7.0/toolchain/arm/arm-gnu-toolchain/bin/../lib/gcc/arm-none-eabi/6.3.1/../../../../arm-none-eabi/lib/thumb/v8-m.base\libc_nano.a(lib_a-mprec.o)
                0x00005ce8                __mprec_tens
 .rodata.p05.6047
                0x00005db0        0xc c:/program files (x86)/atmel/studio/7.0/toolchain/arm/arm-gnu-toolchain/bin/../lib/gcc/arm-none-eabi/6.3.1/../../../../arm-none-eabi/lib/thumb/v8-m.base\libc_nano.a(lib_a-mprec.o)
 .rodata._dtoa_r.str1.1
                0x00005dbc        0xf c:/program files (x86)/atmel/studio/7.0/toolchain/arm/arm-gnu-toolchain/bin/../lib/gcc/arm-none-eabi/6.3.1/../../../../arm-none-eabi/lib/thumb/v8-m.base\libc_nano.a(lib_a-dtoa.o)
 *(.ARM.extab* .gnu.linkonce.armextab.*)
                0x00005dcc                . = ALIGN (0x4)
 *fill*         0x00005dcb        0x1 
 *(.init)
 .init          0x00005dcc        0x4 c:/program files (x86)/atmel/studio/7.0/toolchain/arm/arm-gnu-toolchain/bin/../lib/gcc/arm-none-eabi/6.3.1/thumb/v8-m.base/crti.o
                0x00005dcc                _init
 .init          0x00005dd0        0x8 c:/program files (x86)/atmel/studio/7.0/toolchain/arm/arm-gnu-toolchain/bin/../lib/gcc/arm-none-eabi/6.3.1/thumb/v8-m.base/crtn.o
                0x00005dd8                . = ALIGN (0x4)
                0x00005dd8                __preinit_array_start = .
 *(.preinit_array)
                0x00005dd8                __preinit_array_end = .
                0x00005dd8                . = ALIGN (0x4)
                0x00005dd8                __init_array_start = .
 *(SORT(.init_array.*))
 *(.init_array)
 .init_array    0x00005dd8        0x4 c:/program files (x86)/atmel/studio/7.0/toolchain/arm/arm-gnu-toolchain/bin/../lib/gcc/arm-none-eabi/6.3.1/thumb/v8-m.base/crtbegin.o
                0x00005ddc                __init_array_end = .
                0x00005ddc                . = ALIGN (0x4)
 *crtbegin.o(.ctors)
 *(EXCLUDE_FILE(*crtend.o) .ctors)
 *(SORT(.ctors.*))
 *crtend.o(.ctors)
                0x00005ddc                . = ALIGN (0x4)
 *(.fini)
 .fini          0x00005ddc        0x4 c:/program files (x86)/atmel/studio/7.0/toolchain/arm/arm-gnu-toolchain/bin/../lib/gcc/arm-none-eabi/6.3.1/thumb/v8-m.base/crti.o
                0x00005ddc                _fini
 .fini          0x00005de0        0x8 c:/program files (x86)/atmel/studio/7.0/toolchain/arm/arm-gnu-toolchain/bin/../lib/gcc/arm-none-eabi/6.3.1/thumb/v8-m.base/crtn.o
                0x00005de8                . = ALIGN (0x4)
                0x00005de8                __fini_array_start = .
 *(.fini_array)
 .fini_array    0x00005de8        0x4 c:/program files (x86)/atmel/studio/7.0/toolchain/arm/arm-gnu-toolchain/bin/../lib/gcc/arm-none-eabi/6.3.1/thumb/v8-m.base/crtbegin.o
 *(SORT(.fini_array.*))
                0x00005dec                __fini_array_end = .
 *crtbegin.o(.dtors)
 *(EXCLUDE_FILE(*crtend.o) .dtors)
 *(SORT(.dtors.*))
 *crtend.o(.dtors)
                0x00005dec                . = ALIGN (0x4)
                0x00005dec                _efixed = .
                [!provide]                PROVIDE (__exidx_start, .)

.vfp11_veneer   0x00005dec        0x0
 .vfp11_veneer  0x00005dec        0x0 linker stubs

.v4_bx          0x00005dec        0x0
 .v4_bx         0x00005dec        0x0 linker stubs

.iplt           0x00005dec        0x0
 .iplt          0x00005dec        0x0 c:/program files (x86)/atmel/studio/7.0/toolchain/arm/arm-gnu-toolchain/bin/../lib/gcc/arm-none-eabi/6.3.1/thumb/v8-m.base/crtbegin.o

.rel.dyn        0x00005dec        0x0
 .rel.iplt      0x00005dec        0x0 c:/program files (x86)/atmel/studio/7.0/toolchain/arm/arm-gnu-toolchain/bin/../lib/gcc/arm-none-eabi/6.3.1/thumb/v8-m.base/crtbegin.o

.ARM.exidx
 *(.ARM.exidx* .gnu.linkonce.armexidx.*)
                [!provide]                PROVIDE (__exidx_end, .)
                0x00005dec                . = ALIGN (0x4)
                0x00005dec                _etext = .
                0x00005dec                . = ALIGN (0x4)

.gnu.sgstubs    0x0000fb00       0x20
                0x0000fb00                _ssgstubs = .
 .gnu.sgstubs.__stub
                0x0000fb00       0x10 linker stubs
                0x0000fb00                nsc_ext_irq_init
                0x0000fb08                nsc_periph_clock_init

.relocate       0x20000000       0x68 load address 0x00005dec
                0x20000000                . = ALIGN (0x4)
                0x20000000                _srelocate = .
 *(.ramfunc .ramfunc.*)
 *(.data .data.*)
 .data          0x20000000        0x1 main.o
                0x20000000                counter
 *fill*         0x20000001        0x3 
 .data._impure_ptr
                0x20000004        0x4 c:/program files (x86)/atmel/studio/7.0/toolchain/arm/arm-gnu-toolchain/bin/../lib/gcc/arm-none-eabi/6.3.1/../../../../arm-none-eabi/lib/thumb/v8-m.base\libc_nano.a(lib_a-impure.o)
                0x20000004                _impure_ptr
 .data.impure_data
                0x20000008       0x60 c:/program files (x86)/atmel/studio/7.0/toolchain/arm/arm-gnu-toolchain/bin/../lib/gcc/arm-none-eabi/6.3.1/../../../../arm-none-eabi/lib/thumb/v8-m.base\libc_nano.a(lib_a-impure.o)
                0x20000068                . = ALIGN (0x4)
                0x20000068                _erelocate = .

.bss            0x20000068       0xec load address 0x00005e54
                0x20000068                . = ALIGN (0x4)
                0x20000068                _sbss = .
                0x20000068                _szero = .
 *(.bss .bss.*)
 .bss           0x20000068       0x1c c:/program files (x86)/atmel/studio/7.0/toolchain/arm/arm-gnu-toolchain/bin/../lib/gcc/arm-none-eabi/6.3.1/thumb/v8-m.base/crtbegin.o
 .bss           0x20000084        0x4 hal/src/hal_delay.o
 .bss           0x20000088        0x4 hal/utils/src/utils_syscalls.o
 .bss.__malloc_free_list
                0x2000008c        0x4 c:/program files (x86)/atmel/studio/7.0/toolchain/arm/arm-gnu-toolchain/bin/../lib/gcc/arm-none-eabi/6.3.1/../../../../arm-none-eabi/lib/thumb/v8-m.base\libc_nano.a(lib_a-nano-mallocr.o)
                0x2000008c                __malloc_free_list
 .bss.__malloc_sbrk_start
                0x20000090        0x4 c:/program files (x86)/atmel/studio/7.0/toolchain/arm/arm-gnu-toolchain/bin/../lib/gcc/arm-none-eabi/6.3.1/../../../../arm-none-eabi/lib/thumb/v8-m.base\libc_nano.a(lib_a-nano-mallocr.o)
                0x20000090                __malloc_sbrk_start
 *(COMMON)
 COMMON         0x20000094       0x7c BME280_Driver.o
                0x20000094                adc_t
                0x20000098                Temperature
                0x2000009c                I2C_0_io
                0x200000a0                adc_p
                0x200000a4                tmp_data
                0x200000b8                cal_param
                0x20000100                adc_h
                0x20000104                Pressure
                0x20000108                Humidity
                0x2000010c                t_fine
 COMMON         0x20000110       0x30 driver_init.o
                0x20000110                WDT_0
                0x20000114                USART_0
                0x20000120                I2C_0
 COMMON         0x20000140       0x10 main.o
                0x20000140                reg
                0x20000141                data_in
                0x20000144                io
                0x20000148                data_out
                0x2000014c                tmp_f
 COMMON         0x20000150        0x4 c:/program files (x86)/atmel/studio/7.0/toolchain/arm/arm-gnu-toolchain/bin/../lib/gcc/arm-none-eabi/6.3.1/../../../../arm-none-eabi/lib/thumb/v8-m.base\libc_nano.a(lib_a-reent.o)
                0x20000150                errno
                0x20000154                . = ALIGN (0x4)
                0x20000154                _ebss = .
                0x20000154                _ezero = .

.heap           0x20000154      0x204 load address 0x00005f40
                0x20000158                . = ALIGN (0x8)
 *fill*         0x20000154        0x4 
                0x20000158                _sheap = .
                0x20000358                . = (. + HEAP_SIZE)
 *fill*         0x20000158      0x200 
                0x20000358                . = ALIGN (0x8)
                0x20000358                _eheap = .

.stack          0x20000358      0x400 load address 0x00006144
                0x20000358                . = ALIGN (0x8)
                0x20000358                _sstack = .
                0x20000758                . = (. + STACK_SIZE)
 *fill*         0x20000358      0x400 
                0x20000758                . = ALIGN (0x8)
                0x20000758                _estack = .
                0x20000758                . = ALIGN (0x4)
                0x20000758                _end = .
                0x20003f7f                _ram_end_ = ((ORIGIN (ram) + LENGTH (ram)) - 0x1)

.userRowBlock   0x00804000       0x20
 *(.userrowsec)
 .userrowsec    0x00804000       0x20 trustzone/trustzone_manager.o
                0x00804000                nvm_user_row
OUTPUT(XBeeWeatherStation.elf elf32-littlearm)

.eh_frame       0x00804020        0x0
 .eh_frame      0x00804020        0x0 c:/program files (x86)/atmel/studio/7.0/toolchain/arm/arm-gnu-toolchain/bin/../lib/gcc/arm-none-eabi/6.3.1/thumb/v8-m.base/crtbegin.o

.jcr            0x00804020        0x0
 .jcr           0x00804020        0x0 c:/program files (x86)/atmel/studio/7.0/toolchain/arm/arm-gnu-toolchain/bin/../lib/gcc/arm-none-eabi/6.3.1/thumb/v8-m.base/crtbegin.o

.igot.plt       0x00005dec        0x0 load address 0x00804020
 .igot.plt      0x00005dec        0x0 c:/program files (x86)/atmel/studio/7.0/toolchain/arm/arm-gnu-toolchain/bin/../lib/gcc/arm-none-eabi/6.3.1/thumb/v8-m.base/crtbegin.o

.ARM.attributes
                0x00000000       0x2c
 .ARM.attributes
                0x00000000       0x22 c:/program files (x86)/atmel/studio/7.0/toolchain/arm/arm-gnu-toolchain/bin/../lib/gcc/arm-none-eabi/6.3.1/thumb/v8-m.base/crti.o
 .ARM.attributes
                0x00000022       0x30 c:/program files (x86)/atmel/studio/7.0/toolchain/arm/arm-gnu-toolchain/bin/../lib/gcc/arm-none-eabi/6.3.1/thumb/v8-m.base/crtbegin.o
 .ARM.attributes
                0x00000052       0x32 atmel_start.o
 .ARM.attributes
                0x00000084       0x32 BME280_Driver.o
 .ARM.attributes
                0x000000b6       0x32 Device_Startup/startup_saml11e16a.o
 .ARM.attributes
                0x000000e8       0x32 driver_init.o
 .ARM.attributes
                0x0000011a       0x32 hal/src/hal_delay.o
 .ARM.attributes
                0x0000014c       0x32 hal/src/hal_i2c_m_sync.o
 .ARM.attributes
                0x0000017e       0x32 hal/src/hal_io.o
 .ARM.attributes
                0x000001b0       0x32 hal/src/hal_usart_sync.o
 .ARM.attributes
                0x000001e2       0x32 hal/utils/src/utils_assert.o
 .ARM.attributes
                0x00000214       0x32 hal/utils/src/utils_syscalls.o
 .ARM.attributes
                0x00000246       0x32 hpl/core/hpl_core_m23_base.o
 .ARM.attributes
                0x00000278       0x32 hpl/core/hpl_init.o
 .ARM.attributes
                0x000002aa       0x32 hpl/gclk/hpl_gclk.o
 .ARM.attributes
                0x000002dc       0x32 hpl/mclk/hpl_mclk.o
 .ARM.attributes
                0x0000030e       0x32 hpl/osc32kctrl/hpl_osc32kctrl.o
 .ARM.attributes
                0x00000340       0x32 hpl/oscctrl/hpl_oscctrl.o
 .ARM.attributes
                0x00000372       0x32 hpl/pm/hpl_pm.o
 .ARM.attributes
                0x000003a4       0x32 hpl/sercom/hpl_sercom.o
 .ARM.attributes
                0x000003d6       0x32 hpl/systick/hpl_systick.o
 .ARM.attributes
                0x00000408       0x32 hpl/wdt/hpl_wdt.o
 .ARM.attributes
                0x0000043a       0x32 main.o
 .ARM.attributes
                0x0000046c       0x32 trustzone/trustzone_manager.o
 .ARM.attributes
                0x0000049e       0x32 trustzone/trustzone_veneer.o
 .ARM.attributes
                0x000004d0       0x30 c:/program files (x86)/atmel/studio/7.0/toolchain/arm/arm-gnu-toolchain/bin/../lib/gcc/arm-none-eabi/6.3.1/thumb/v8-m.base\libgcc.a(addsf3.o)
 .ARM.attributes
                0x00000500       0x30 c:/program files (x86)/atmel/studio/7.0/toolchain/arm/arm-gnu-toolchain/bin/../lib/gcc/arm-none-eabi/6.3.1/thumb/v8-m.base\libgcc.a(divsf3.o)
 .ARM.attributes
                0x00000530       0x30 c:/program files (x86)/atmel/studio/7.0/toolchain/arm/arm-gnu-toolchain/bin/../lib/gcc/arm-none-eabi/6.3.1/thumb/v8-m.base\libgcc.a(mulsf3.o)
 .ARM.attributes
                0x00000560       0x30 c:/program files (x86)/atmel/studio/7.0/toolchain/arm/arm-gnu-toolchain/bin/../lib/gcc/arm-none-eabi/6.3.1/thumb/v8-m.base\libgcc.a(floatsisf.o)
 .ARM.attributes
                0x00000590       0x30 c:/program files (x86)/atmel/studio/7.0/toolchain/arm/arm-gnu-toolchain/bin/../lib/gcc/arm-none-eabi/6.3.1/thumb/v8-m.base\libgcc.a(floatunsisf.o)
 .ARM.attributes
                0x000005c0       0x30 c:/program files (x86)/atmel/studio/7.0/toolchain/arm/arm-gnu-toolchain/bin/../lib/gcc/arm-none-eabi/6.3.1/thumb/v8-m.base\libgcc.a(divdf3.o)
 .ARM.attributes
                0x000005f0       0x30 c:/program files (x86)/atmel/studio/7.0/toolchain/arm/arm-gnu-toolchain/bin/../lib/gcc/arm-none-eabi/6.3.1/thumb/v8-m.base\libgcc.a(muldf3.o)
 .ARM.attributes
                0x00000620       0x30 c:/program files (x86)/atmel/studio/7.0/toolchain/arm/arm-gnu-toolchain/bin/../lib/gcc/arm-none-eabi/6.3.1/thumb/v8-m.base\libgcc.a(subdf3.o)
 .ARM.attributes
                0x00000650       0x30 c:/program files (x86)/atmel/studio/7.0/toolchain/arm/arm-gnu-toolchain/bin/../lib/gcc/arm-none-eabi/6.3.1/thumb/v8-m.base\libgcc.a(fixdfsi.o)
 .ARM.attributes
                0x00000680       0x30 c:/program files (x86)/atmel/studio/7.0/toolchain/arm/arm-gnu-toolchain/bin/../lib/gcc/arm-none-eabi/6.3.1/thumb/v8-m.base\libgcc.a(floatsidf.o)
 .ARM.attributes
                0x000006b0       0x30 c:/program files (x86)/atmel/studio/7.0/toolchain/arm/arm-gnu-toolchain/bin/../lib/gcc/arm-none-eabi/6.3.1/thumb/v8-m.base\libgcc.a(floatunsidf.o)
 .ARM.attributes
                0x000006e0       0x30 c:/program files (x86)/atmel/studio/7.0/toolchain/arm/arm-gnu-toolchain/bin/../lib/gcc/arm-none-eabi/6.3.1/thumb/v8-m.base\libgcc.a(extendsfdf2.o)
 .ARM.attributes
                0x00000710       0x22 c:/program files (x86)/atmel/studio/7.0/toolchain/arm/arm-gnu-toolchain/bin/../lib/gcc/arm-none-eabi/6.3.1/thumb/v8-m.base\libgcc.a(_arm_cmpdf2.o)
 .ARM.attributes
                0x00000732       0x22 c:/program files (x86)/atmel/studio/7.0/toolchain/arm/arm-gnu-toolchain/bin/../lib/gcc/arm-none-eabi/6.3.1/thumb/v8-m.base\libgcc.a(_clzsi2.o)
 .ARM.attributes
                0x00000754       0x30 c:/program files (x86)/atmel/studio/7.0/toolchain/arm/arm-gnu-toolchain/bin/../lib/gcc/arm-none-eabi/6.3.1/thumb/v8-m.base\libgcc.a(eqdf2.o)
 .ARM.attributes
                0x00000784       0x30 c:/program files (x86)/atmel/studio/7.0/toolchain/arm/arm-gnu-toolchain/bin/../lib/gcc/arm-none-eabi/6.3.1/thumb/v8-m.base\libgcc.a(gedf2.o)
 .ARM.attributes
                0x000007b4       0x30 c:/program files (x86)/atmel/studio/7.0/toolchain/arm/arm-gnu-toolchain/bin/../lib/gcc/arm-none-eabi/6.3.1/thumb/v8-m.base\libgcc.a(ledf2.o)
 .ARM.attributes
                0x000007e4       0x30 c:/program files (x86)/atmel/studio/7.0/toolchain/arm/arm-gnu-toolchain/bin/../lib/gcc/arm-none-eabi/6.3.1/../../../../arm-none-eabi/lib/thumb/v8-m.base\libc_nano.a(lib_a-efgcvt.o)
 .ARM.attributes
                0x00000814       0x30 c:/program files (x86)/atmel/studio/7.0/toolchain/arm/arm-gnu-toolchain/bin/../lib/gcc/arm-none-eabi/6.3.1/../../../../arm-none-eabi/lib/thumb/v8-m.base\libc_nano.a(lib_a-impure.o)
 .ARM.attributes
                0x00000844       0x30 c:/program files (x86)/atmel/studio/7.0/toolchain/arm/arm-gnu-toolchain/bin/../lib/gcc/arm-none-eabi/6.3.1/../../../../arm-none-eabi/lib/thumb/v8-m.base\libc_nano.a(lib_a-init.o)
 .ARM.attributes
                0x00000874       0x30 c:/program files (x86)/atmel/studio/7.0/toolchain/arm/arm-gnu-toolchain/bin/../lib/gcc/arm-none-eabi/6.3.1/../../../../arm-none-eabi/lib/thumb/v8-m.base\libc_nano.a(lib_a-itoa.o)
 .ARM.attributes
                0x000008a4       0x30 c:/program files (x86)/atmel/studio/7.0/toolchain/arm/arm-gnu-toolchain/bin/../lib/gcc/arm-none-eabi/6.3.1/../../../../arm-none-eabi/lib/thumb/v8-m.base\libc_nano.a(lib_a-memset.o)
 .ARM.attributes
                0x000008d4       0x30 c:/program files (x86)/atmel/studio/7.0/toolchain/arm/arm-gnu-toolchain/bin/../lib/gcc/arm-none-eabi/6.3.1/../../../../arm-none-eabi/lib/thumb/v8-m.base\libc_nano.a(lib_a-utoa.o)
 .ARM.attributes
                0x00000904       0x30 c:/program files (x86)/atmel/studio/7.0/toolchain/arm/arm-gnu-toolchain/bin/../lib/gcc/arm-none-eabi/6.3.1/../../../../arm-none-eabi/lib/thumb/v8-m.base\libc_nano.a(lib_a-ecvtbuf.o)
 .ARM.attributes
                0x00000934       0x30 c:/program files (x86)/atmel/studio/7.0/toolchain/arm/arm-gnu-toolchain/bin/../lib/gcc/arm-none-eabi/6.3.1/../../../../arm-none-eabi/lib/thumb/v8-m.base\libc_nano.a(lib_a-findfp.o)
 .ARM.attributes
                0x00000964       0x30 c:/program files (x86)/atmel/studio/7.0/toolchain/arm/arm-gnu-toolchain/bin/../lib/gcc/arm-none-eabi/6.3.1/../../../../arm-none-eabi/lib/thumb/v8-m.base\libc_nano.a(lib_a-memcpy-stub.o)
 .ARM.attributes
                0x00000994       0x30 c:/program files (x86)/atmel/studio/7.0/toolchain/arm/arm-gnu-toolchain/bin/../lib/gcc/arm-none-eabi/6.3.1/../../../../arm-none-eabi/lib/thumb/v8-m.base\libc_nano.a(lib_a-mprec.o)
 .ARM.attributes
                0x000009c4       0x30 c:/program files (x86)/atmel/studio/7.0/toolchain/arm/arm-gnu-toolchain/bin/../lib/gcc/arm-none-eabi/6.3.1/../../../../arm-none-eabi/lib/thumb/v8-m.base\libc_nano.a(lib_a-nano-callocr.o)
 .ARM.attributes
                0x000009f4       0x30 c:/program files (x86)/atmel/studio/7.0/toolchain/arm/arm-gnu-toolchain/bin/../lib/gcc/arm-none-eabi/6.3.1/../../../../arm-none-eabi/lib/thumb/v8-m.base\libc_nano.a(lib_a-nano-mallocr.o)
 .ARM.attributes
                0x00000a24       0x30 c:/program files (x86)/atmel/studio/7.0/toolchain/arm/arm-gnu-toolchain/bin/../lib/gcc/arm-none-eabi/6.3.1/../../../../arm-none-eabi/lib/thumb/v8-m.base\libc_nano.a(lib_a-sbrkr.o)
 .ARM.attributes
                0x00000a54       0x30 c:/program files (x86)/atmel/studio/7.0/toolchain/arm/arm-gnu-toolchain/bin/../lib/gcc/arm-none-eabi/6.3.1/../../../../arm-none-eabi/lib/thumb/v8-m.base\libc_nano.a(lib_a-strcpy.o)
 .ARM.attributes
                0x00000a84       0x30 c:/program files (x86)/atmel/studio/7.0/toolchain/arm/arm-gnu-toolchain/bin/../lib/gcc/arm-none-eabi/6.3.1/../../../../arm-none-eabi/lib/thumb/v8-m.base\libc_nano.a(lib_a-dtoa.o)
 .ARM.attributes
                0x00000ab4       0x30 c:/program files (x86)/atmel/studio/7.0/toolchain/arm/arm-gnu-toolchain/bin/../lib/gcc/arm-none-eabi/6.3.1/../../../../arm-none-eabi/lib/thumb/v8-m.base\libc_nano.a(lib_a-malloc.o)
 .ARM.attributes
                0x00000ae4       0x30 c:/program files (x86)/atmel/studio/7.0/toolchain/arm/arm-gnu-toolchain/bin/../lib/gcc/arm-none-eabi/6.3.1/../../../../arm-none-eabi/lib/thumb/v8-m.base\libc_nano.a(lib_a-mlock.o)
 .ARM.attributes
                0x00000b14       0x30 c:/program files (x86)/atmel/studio/7.0/toolchain/arm/arm-gnu-toolchain/bin/../lib/gcc/arm-none-eabi/6.3.1/../../../../arm-none-eabi/lib/thumb/v8-m.base\libc_nano.a(lib_a-reent.o)
 .ARM.attributes
                0x00000b44       0x22 c:/program files (x86)/atmel/studio/7.0/toolchain/arm/arm-gnu-toolchain/bin/../lib/gcc/arm-none-eabi/6.3.1/thumb/v8-m.base\libgcc.a(_thumb1_case_uqi.o)
 .ARM.attributes
                0x00000b66       0x30 c:/program files (x86)/atmel/studio/7.0/toolchain/arm/arm-gnu-toolchain/bin/../lib/gcc/arm-none-eabi/6.3.1/thumb/v8-m.base\libgcc.a(adddf3.o)
 .ARM.attributes
                0x00000b96       0x22 c:/program files (x86)/atmel/studio/7.0/toolchain/arm/arm-gnu-toolchain/bin/../lib/gcc/arm-none-eabi/6.3.1/thumb/v8-m.base/crtn.o

.comment        0x00000000       0x59
 .comment       0x00000000       0x59 atmel_start.o
                                 0x5a (size before relaxing)
 .comment       0x00000059       0x5a BME280_Driver.o
 .comment       0x00000059       0x5a Device_Startup/startup_saml11e16a.o
 .comment       0x00000059       0x5a driver_init.o
 .comment       0x00000059       0x5a hal/src/hal_delay.o
 .comment       0x00000059       0x5a hal/src/hal_i2c_m_sync.o
 .comment       0x00000059       0x5a hal/src/hal_io.o
 .comment       0x00000059       0x5a hal/src/hal_usart_sync.o
 .comment       0x00000059       0x5a hal/utils/src/utils_assert.o
 .comment       0x00000059       0x5a hal/utils/src/utils_syscalls.o
 .comment       0x00000059       0x5a hpl/core/hpl_core_m23_base.o
 .comment       0x00000059       0x5a hpl/core/hpl_init.o
 .comment       0x00000059       0x5a hpl/gclk/hpl_gclk.o
 .comment       0x00000059       0x5a hpl/mclk/hpl_mclk.o
 .comment       0x00000059       0x5a hpl/osc32kctrl/hpl_osc32kctrl.o
 .comment       0x00000059       0x5a hpl/oscctrl/hpl_oscctrl.o
 .comment       0x00000059       0x5a hpl/pm/hpl_pm.o
 .comment       0x00000059       0x5a hpl/sercom/hpl_sercom.o
 .comment       0x00000059       0x5a hpl/systick/hpl_systick.o
 .comment       0x00000059       0x5a hpl/wdt/hpl_wdt.o
 .comment       0x00000059       0x5a main.o
 .comment       0x00000059       0x5a trustzone/trustzone_manager.o
 .comment       0x00000059       0x5a trustzone/trustzone_veneer.o

.debug_info     0x00000000    0x1b957
 .debug_info    0x00000000      0xd7b atmel_start.o
 .debug_info    0x00000d7b      0xd58 BME280_Driver.o
 .debug_info    0x00001ad3      0x5f4 Device_Startup/startup_saml11e16a.o
 .debug_info    0x000020c7     0x4346 driver_init.o
 .debug_info    0x0000640d      0x1dc hal/src/hal_delay.o
 .debug_info    0x000065e9      0x878 hal/src/hal_i2c_m_sync.o
 .debug_info    0x00006e61      0x2b2 hal/src/hal_io.o
 .debug_info    0x00007113      0xc56 hal/src/hal_usart_sync.o
 .debug_info    0x00007d69      0x107 hal/utils/src/utils_assert.o
 .debug_info    0x00007e70      0xdca hal/utils/src/utils_syscalls.o
 .debug_info    0x00008c3a      0x87c hpl/core/hpl_core_m23_base.o
 .debug_info    0x000094b6      0xc29 hpl/core/hpl_init.o
 .debug_info    0x0000a0df      0x5d5 hpl/gclk/hpl_gclk.o
 .debug_info    0x0000a6b4      0x6fa hpl/mclk/hpl_mclk.o
 .debug_info    0x0000adae      0x7da hpl/osc32kctrl/hpl_osc32kctrl.o
 .debug_info    0x0000b588      0xf09 hpl/oscctrl/hpl_oscctrl.o
 .debug_info    0x0000c491      0x781 hpl/pm/hpl_pm.o
 .debug_info    0x0000cc12     0xb49b hpl/sercom/hpl_sercom.o
 .debug_info    0x000180ad      0x276 hpl/systick/hpl_systick.o
 .debug_info    0x00018323      0xcf1 hpl/wdt/hpl_wdt.o
 .debug_info    0x00019014     0x14d9 main.o
 .debug_info    0x0001a4ed       0xbe trustzone/trustzone_manager.o
 .debug_info    0x0001a5ab     0x13ac trustzone/trustzone_veneer.o

.debug_abbrev   0x00000000     0x301a
 .debug_abbrev  0x00000000      0x1d6 atmel_start.o
 .debug_abbrev  0x000001d6      0x2ae BME280_Driver.o
 .debug_abbrev  0x00000484      0x14f Device_Startup/startup_saml11e16a.o
 .debug_abbrev  0x000005d3      0x339 driver_init.o
 .debug_abbrev  0x0000090c       0xe1 hal/src/hal_delay.o
 .debug_abbrev  0x000009ed      0x1a6 hal/src/hal_i2c_m_sync.o
 .debug_abbrev  0x00000b93      0x115 hal/src/hal_io.o
 .debug_abbrev  0x00000ca8      0x217 hal/src/hal_usart_sync.o
 .debug_abbrev  0x00000ebf       0x86 hal/utils/src/utils_assert.o
 .debug_abbrev  0x00000f45      0x269 hal/utils/src/utils_syscalls.o
 .debug_abbrev  0x000011ae      0x278 hpl/core/hpl_core_m23_base.o
 .debug_abbrev  0x00001426      0x1d9 hpl/core/hpl_init.o
 .debug_abbrev  0x000015ff      0x195 hpl/gclk/hpl_gclk.o
 .debug_abbrev  0x00001794      0x197 hpl/mclk/hpl_mclk.o
 .debug_abbrev  0x0000192b      0x1e3 hpl/osc32kctrl/hpl_osc32kctrl.o
 .debug_abbrev  0x00001b0e      0x1ed hpl/oscctrl/hpl_oscctrl.o
 .debug_abbrev  0x00001cfb      0x23f hpl/pm/hpl_pm.o
 .debug_abbrev  0x00001f3a      0x5c9 hpl/sercom/hpl_sercom.o
 .debug_abbrev  0x00002503      0x185 hpl/systick/hpl_systick.o
 .debug_abbrev  0x00002688      0x349 hpl/wdt/hpl_wdt.o
 .debug_abbrev  0x000029d1      0x303 main.o
 .debug_abbrev  0x00002cd4       0x71 trustzone/trustzone_manager.o
 .debug_abbrev  0x00002d45      0x2d5 trustzone/trustzone_veneer.o

.debug_loc      0x00000000     0xb840
 .debug_loc     0x00000000       0x20 atmel_start.o
 .debug_loc     0x00000020      0xadc BME280_Driver.o
 .debug_loc     0x00000afc       0x40 Device_Startup/startup_saml11e16a.o
 .debug_loc     0x00000b3c      0x570 driver_init.o
 .debug_loc     0x000010ac       0xc3 hal/src/hal_delay.o
 .debug_loc     0x0000116f      0x6df hal/src/hal_i2c_m_sync.o
 .debug_loc     0x0000184e      0x18a hal/src/hal_io.o
 .debug_loc     0x000019d8      0x9af hal/src/hal_usart_sync.o
 .debug_loc     0x00002387      0x13b hal/utils/src/utils_syscalls.o
 .debug_loc     0x000024c2      0x1e3 hpl/core/hpl_core_m23_base.o
 .debug_loc     0x000026a5       0x4c hpl/core/hpl_init.o
 .debug_loc     0x000026f1      0x153 hpl/gclk/hpl_gclk.o
 .debug_loc     0x00002844       0x2c hpl/mclk/hpl_mclk.o
 .debug_loc     0x00002870      0x119 hpl/osc32kctrl/hpl_osc32kctrl.o
 .debug_loc     0x00002989       0x30 hpl/oscctrl/hpl_oscctrl.o
 .debug_loc     0x000029b9      0x192 hpl/pm/hpl_pm.o
 .debug_loc     0x00002b4b     0x7fba hpl/sercom/hpl_sercom.o
 .debug_loc     0x0000ab05       0xfe hpl/systick/hpl_systick.o
 .debug_loc     0x0000ac03      0x7c1 hpl/wdt/hpl_wdt.o
 .debug_loc     0x0000b3c4      0x171 main.o
 .debug_loc     0x0000b535      0x30b trustzone/trustzone_veneer.o

.debug_aranges  0x00000000      0xad0
 .debug_aranges
                0x00000000       0x20 atmel_start.o
 .debug_aranges
                0x00000020       0xb8 BME280_Driver.o
 .debug_aranges
                0x000000d8       0x28 Device_Startup/startup_saml11e16a.o
 .debug_aranges
                0x00000100       0x68 driver_init.o
 .debug_aranges
                0x00000168       0x38 hal/src/hal_delay.o
 .debug_aranges
                0x000001a0       0x88 hal/src/hal_i2c_m_sync.o
 .debug_aranges
                0x00000228       0x30 hal/src/hal_io.o
 .debug_aranges
                0x00000258       0xa8 hal/src/hal_usart_sync.o
 .debug_aranges
                0x00000300       0x20 hal/utils/src/utils_assert.o
 .debug_aranges
                0x00000320       0x60 hal/utils/src/utils_syscalls.o
 .debug_aranges
                0x00000380       0x70 hpl/core/hpl_core_m23_base.o
 .debug_aranges
                0x000003f0       0x20 hpl/core/hpl_init.o
 .debug_aranges
                0x00000410       0x28 hpl/gclk/hpl_gclk.o
 .debug_aranges
                0x00000438       0x20 hpl/mclk/hpl_mclk.o
 .debug_aranges
                0x00000458       0x20 hpl/osc32kctrl/hpl_osc32kctrl.o
 .debug_aranges
                0x00000478       0x28 hpl/oscctrl/hpl_oscctrl.o
 .debug_aranges
                0x000004a0       0x30 hpl/pm/hpl_pm.o
 .debug_aranges
                0x000004d0      0x4d8 hpl/sercom/hpl_sercom.o
 .debug_aranges
                0x000009a8       0x48 hpl/systick/hpl_systick.o
 .debug_aranges
                0x000009f0       0x50 hpl/wdt/hpl_wdt.o
 .debug_aranges
                0x00000a40       0x50 main.o
 .debug_aranges
                0x00000a90       0x18 trustzone/trustzone_manager.o
 .debug_aranges
                0x00000aa8       0x28 trustzone/trustzone_veneer.o

.debug_ranges   0x00000000      0xee8
 .debug_ranges  0x00000000       0x10 atmel_start.o
 .debug_ranges  0x00000010       0xc0 BME280_Driver.o
 .debug_ranges  0x000000d0       0x18 Device_Startup/startup_saml11e16a.o
 .debug_ranges  0x000000e8       0x58 driver_init.o
 .debug_ranges  0x00000140       0x28 hal/src/hal_delay.o
 .debug_ranges  0x00000168       0x78 hal/src/hal_i2c_m_sync.o
 .debug_ranges  0x000001e0       0x20 hal/src/hal_io.o
 .debug_ranges  0x00000200       0x98 hal/src/hal_usart_sync.o
 .debug_ranges  0x00000298       0x10 hal/utils/src/utils_assert.o
 .debug_ranges  0x000002a8       0x50 hal/utils/src/utils_syscalls.o
 .debug_ranges  0x000002f8       0x60 hpl/core/hpl_core_m23_base.o
 .debug_ranges  0x00000358       0x10 hpl/core/hpl_init.o
 .debug_ranges  0x00000368       0x18 hpl/gclk/hpl_gclk.o
 .debug_ranges  0x00000380       0x10 hpl/mclk/hpl_mclk.o
 .debug_ranges  0x00000390       0x10 hpl/osc32kctrl/hpl_osc32kctrl.o
 .debug_ranges  0x000003a0       0x30 hpl/oscctrl/hpl_oscctrl.o
 .debug_ranges  0x000003d0       0x20 hpl/pm/hpl_pm.o
 .debug_ranges  0x000003f0      0xa28 hpl/sercom/hpl_sercom.o
 .debug_ranges  0x00000e18       0x38 hpl/systick/hpl_systick.o
 .debug_ranges  0x00000e50       0x40 hpl/wdt/hpl_wdt.o
 .debug_ranges  0x00000e90       0x40 main.o
 .debug_ranges  0x00000ed0       0x18 trustzone/trustzone_veneer.o

.debug_macro    0x00000000    0x1c255
 .debug_macro   0x00000000      0x58c atmel_start.o
 .debug_macro   0x0000058c      0x8b6 atmel_start.o
 .debug_macro   0x00000e42      0x16d atmel_start.o
 .debug_macro   0x00000faf       0x22 atmel_start.o
 .debug_macro   0x00000fd1       0x87 atmel_start.o
 .debug_macro   0x00001058       0x51 atmel_start.o
 .debug_macro   0x000010a9       0xef atmel_start.o
 .debug_macro   0x00001198       0x6a atmel_start.o
 .debug_macro   0x00001202      0x1df atmel_start.o
 .debug_macro   0x000013e1       0x22 atmel_start.o
 .debug_macro   0x00001403       0xc9 atmel_start.o
 .debug_macro   0x000014cc       0x28 atmel_start.o
 .debug_macro   0x000014f4       0x85 atmel_start.o
 .debug_macro   0x00001579      0xa2f atmel_start.o
 .debug_macro   0x00001fa8      0x894 atmel_start.o
 .debug_macro   0x0000283c      0xb83 atmel_start.o
 .debug_macro   0x000033bf      0x3e0 atmel_start.o
 .debug_macro   0x0000379f      0x373 atmel_start.o
 .debug_macro   0x00003b12      0xf2c atmel_start.o
 .debug_macro   0x00004a3e      0x834 atmel_start.o
 .debug_macro   0x00005272      0x814 atmel_start.o
 .debug_macro   0x00005a86      0xbf2 atmel_start.o
 .debug_macro   0x00006678      0x20d atmel_start.o
 .debug_macro   0x00006885      0x2b1 atmel_start.o
 .debug_macro   0x00006b36      0x113 atmel_start.o
 .debug_macro   0x00006c49      0x532 atmel_start.o
 .debug_macro   0x0000717b      0xfd0 atmel_start.o
 .debug_macro   0x0000814b      0x267 atmel_start.o
 .debug_macro   0x000083b2      0xb82 atmel_start.o
 .debug_macro   0x00008f34      0x370 atmel_start.o
 .debug_macro   0x000092a4      0xe6d atmel_start.o
 .debug_macro   0x0000a111      0x292 atmel_start.o
 .debug_macro   0x0000a3a3      0x5b7 atmel_start.o
 .debug_macro   0x0000a95a       0x1c atmel_start.o
 .debug_macro   0x0000a976       0x9a atmel_start.o
 .debug_macro   0x0000aa10     0x231e atmel_start.o
 .debug_macro   0x0000cd2e     0x15b1 atmel_start.o
 .debug_macro   0x0000e2df      0x9c1 atmel_start.o
 .debug_macro   0x0000eca0      0xbee atmel_start.o
 .debug_macro   0x0000f88e      0x2b4 atmel_start.o
 .debug_macro   0x0000fb42      0x13d atmel_start.o
 .debug_macro   0x0000fc7f      0x41d atmel_start.o
 .debug_macro   0x0001009c       0x88 atmel_start.o
 .debug_macro   0x00010124       0xb2 atmel_start.o
 .debug_macro   0x000101d6       0x46 atmel_start.o
 .debug_macro   0x0001021c       0x5e atmel_start.o
 .debug_macro   0x0001027a       0xdc atmel_start.o
 .debug_macro   0x00010356       0xe8 atmel_start.o
 .debug_macro   0x0001043e       0x94 atmel_start.o
 .debug_macro   0x000104d2      0x2a2 atmel_start.o
 .debug_macro   0x00010774       0x52 atmel_start.o
 .debug_macro   0x000107c6       0xf4 atmel_start.o
 .debug_macro   0x000108ba       0xbe atmel_start.o
 .debug_macro   0x00010978       0x52 atmel_start.o
 .debug_macro   0x000109ca       0xe2 atmel_start.o
 .debug_macro   0x00010aac       0x3a atmel_start.o
 .debug_macro   0x00010ae6       0xb8 atmel_start.o
 .debug_macro   0x00010b9e       0x4c atmel_start.o
 .debug_macro   0x00010bea       0x82 atmel_start.o
 .debug_macro   0x00010c6c       0x46 atmel_start.o
 .debug_macro   0x00010cb2       0xb8 atmel_start.o
 .debug_macro   0x00010d6a       0x34 atmel_start.o
 .debug_macro   0x00010d9e       0x22 atmel_start.o
 .debug_macro   0x00010dc0      0x14b atmel_start.o
 .debug_macro   0x00010f0b      0x189 atmel_start.o
 .debug_macro   0x00011094      0x189 atmel_start.o
 .debug_macro   0x0001121d      0x189 atmel_start.o
 .debug_macro   0x000113a6       0x58 atmel_start.o
 .debug_macro   0x000113fe      0x11f atmel_start.o
 .debug_macro   0x0001151d      0x11f atmel_start.o
 .debug_macro   0x0001163c      0x11f atmel_start.o
 .debug_macro   0x0001175b      0x209 atmel_start.o
 .debug_macro   0x00011964       0x34 atmel_start.o
 .debug_macro   0x00011998       0x40 atmel_start.o
 .debug_macro   0x000119d8      0x38b atmel_start.o
 .debug_macro   0x00011d63     0x1884 atmel_start.o
 .debug_macro   0x000135e7      0x31b atmel_start.o
 .debug_macro   0x00013902       0x10 atmel_start.o
 .debug_macro   0x00013912       0x10 atmel_start.o
 .debug_macro   0x00013922       0x16 atmel_start.o
 .debug_macro   0x00013938       0x16 atmel_start.o
 .debug_macro   0x0001394e       0x16 atmel_start.o
 .debug_macro   0x00013964       0x16 atmel_start.o
 .debug_macro   0x0001397a       0x16 atmel_start.o
 .debug_macro   0x00013990       0x16 atmel_start.o
 .debug_macro   0x000139a6       0x16 atmel_start.o
 .debug_macro   0x000139bc       0x16 atmel_start.o
 .debug_macro   0x000139d2       0x16 atmel_start.o
 .debug_macro   0x000139e8       0x16 atmel_start.o
 .debug_macro   0x000139fe       0x16 atmel_start.o
 .debug_macro   0x00013a14       0x16 atmel_start.o
 .debug_macro   0x00013a2a       0x16 atmel_start.o
 .debug_macro   0x00013a40       0x16 atmel_start.o
 .debug_macro   0x00013a56       0x16 atmel_start.o
 .debug_macro   0x00013a6c       0x16 atmel_start.o
 .debug_macro   0x00013a82       0x16 atmel_start.o
 .debug_macro   0x00013a98       0x16 atmel_start.o
 .debug_macro   0x00013aae       0x16 atmel_start.o
 .debug_macro   0x00013ac4       0x16 atmel_start.o
 .debug_macro   0x00013ada       0x16 atmel_start.o
 .debug_macro   0x00013af0       0x16 atmel_start.o
 .debug_macro   0x00013b06       0x16 atmel_start.o
 .debug_macro   0x00013b1c       0x16 atmel_start.o
 .debug_macro   0x00013b32       0x16 atmel_start.o
 .debug_macro   0x00013b48       0xca atmel_start.o
 .debug_macro   0x00013c12       0x1c atmel_start.o
 .debug_macro   0x00013c2e       0x16 atmel_start.o
 .debug_macro   0x00013c44       0x10 atmel_start.o
 .debug_macro   0x00013c54       0x52 atmel_start.o
 .debug_macro   0x00013ca6       0x40 atmel_start.o
 .debug_macro   0x00013ce6       0x70 atmel_start.o
 .debug_macro   0x00013d56       0x64 atmel_start.o
 .debug_macro   0x00013dba      0x41b atmel_start.o
 .debug_macro   0x000141d5      0x596 BME280_Driver.o
 .debug_macro   0x0001476b      0x5e0 BME280_Driver.o
 .debug_macro   0x00014d4b      0x30b Device_Startup/startup_saml11e16a.o
 .debug_macro   0x00015056       0xc3 Device_Startup/startup_saml11e16a.o
 .debug_macro   0x00015119      0x566 driver_init.o
 .debug_macro   0x0001567f       0x40 driver_init.o
 .debug_macro   0x000156bf       0xc9 driver_init.o
 .debug_macro   0x00015788      0x48f hal/src/hal_delay.o
 .debug_macro   0x00015c17      0x498 hal/src/hal_i2c_m_sync.o
 .debug_macro   0x000160af       0x6a hal/src/hal_i2c_m_sync.o
 .debug_macro   0x00016119      0x470 hal/src/hal_io.o
 .debug_macro   0x00016589      0x497 hal/src/hal_usart_sync.o
 .debug_macro   0x00016a20      0x466 hal/utils/src/utils_assert.o
 .debug_macro   0x00016e86       0x10 hal/utils/src/utils_assert.o
 .debug_macro   0x00016e96      0x1d6 hal/utils/src/utils_syscalls.o
 .debug_macro   0x0001706c       0x52 hal/utils/src/utils_syscalls.o
 .debug_macro   0x000170be       0x8d hal/utils/src/utils_syscalls.o
 .debug_macro   0x0001714b       0x16 hal/utils/src/utils_syscalls.o
 .debug_macro   0x00017161       0x57 hal/utils/src/utils_syscalls.o
 .debug_macro   0x000171b8       0x97 hal/utils/src/utils_syscalls.o
 .debug_macro   0x0001724f       0xf6 hal/utils/src/utils_syscalls.o
 .debug_macro   0x00017345       0x10 hal/utils/src/utils_syscalls.o
 .debug_macro   0x00017355       0x10 hal/utils/src/utils_syscalls.o
 .debug_macro   0x00017365       0x1c hal/utils/src/utils_syscalls.o
 .debug_macro   0x00017381       0x52 hal/utils/src/utils_syscalls.o
 .debug_macro   0x000173d3       0x40 hal/utils/src/utils_syscalls.o
 .debug_macro   0x00017413       0x10 hal/utils/src/utils_syscalls.o
 .debug_macro   0x00017423       0x40 hal/utils/src/utils_syscalls.o
 .debug_macro   0x00017463       0xd7 hal/utils/src/utils_syscalls.o
 .debug_macro   0x0001753a       0x16 hal/utils/src/utils_syscalls.o
 .debug_macro   0x00017550      0x18b hal/utils/src/utils_syscalls.o
 .debug_macro   0x000176db       0x4c hal/utils/src/utils_syscalls.o
 .debug_macro   0x00017727       0x16 hal/utils/src/utils_syscalls.o
 .debug_macro   0x0001773d       0x10 hal/utils/src/utils_syscalls.o
 .debug_macro   0x0001774d       0x10 hal/utils/src/utils_syscalls.o
 .debug_macro   0x0001775d       0x35 hal/utils/src/utils_syscalls.o
 .debug_macro   0x00017792      0x122 hal/utils/src/utils_syscalls.o
 .debug_macro   0x000178b4      0x4b4 hpl/core/hpl_core_m23_base.o
 .debug_macro   0x00017d68      0x4d2 hpl/core/hpl_init.o
 .debug_macro   0x0001823a       0x22 hpl/core/hpl_init.o
 .debug_macro   0x0001825c      0x3f2 hpl/core/hpl_init.o
 .debug_macro   0x0001864e      0x479 hpl/gclk/hpl_gclk.o
 .debug_macro   0x00018ac7      0x137 hpl/gclk/hpl_gclk.o
 .debug_macro   0x00018bfe      0x46f hpl/mclk/hpl_mclk.o
 .debug_macro   0x0001906d      0x46a hpl/osc32kctrl/hpl_osc32kctrl.o
 .debug_macro   0x000194d7       0x80 hpl/osc32kctrl/hpl_osc32kctrl.o
 .debug_macro   0x00019557      0x482 hpl/oscctrl/hpl_oscctrl.o
 .debug_macro   0x000199d9      0x145 hpl/oscctrl/hpl_oscctrl.o
 .debug_macro   0x00019b1e      0x475 hpl/pm/hpl_pm.o
 .debug_macro   0x00019f93      0x6a9 hpl/sercom/hpl_sercom.o
 .debug_macro   0x0001a63c      0x14d hpl/sercom/hpl_sercom.o
 .debug_macro   0x0001a789       0x10 hpl/sercom/hpl_sercom.o
 .debug_macro   0x0001a799       0x1c hpl/sercom/hpl_sercom.o
 .debug_macro   0x0001a7b5       0x22 hpl/sercom/hpl_sercom.o
 .debug_macro   0x0001a7d7       0x10 hpl/sercom/hpl_sercom.o
 .debug_macro   0x0001a7e7      0x46a hpl/systick/hpl_systick.o
 .debug_macro   0x0001ac51       0x10 hpl/systick/hpl_systick.o
 .debug_macro   0x0001ac61      0x4cb hpl/wdt/hpl_wdt.o
 .debug_macro   0x0001b12c       0x1c hpl/wdt/hpl_wdt.o
 .debug_macro   0x0001b148      0x6f4 main.o
 .debug_macro   0x0001b83c      0x482 trustzone/trustzone_manager.o
 .debug_macro   0x0001bcbe      0x597 trustzone/trustzone_veneer.o

.debug_line     0x00000000    0x109ca
 .debug_line    0x00000000      0xb39 atmel_start.o
 .debug_line    0x00000b39      0xd22 BME280_Driver.o
 .debug_line    0x0000185b      0x6d5 Device_Startup/startup_saml11e16a.o
 .debug_line    0x00001f30      0xc27 driver_init.o
 .debug_line    0x00002b57      0x9cf hal/src/hal_delay.o
 .debug_line    0x00003526      0xabd hal/src/hal_i2c_m_sync.o
 .debug_line    0x00003fe3      0x9b6 hal/src/hal_io.o
 .debug_line    0x00004999      0xb8e hal/src/hal_usart_sync.o
 .debug_line    0x00005527      0x96c hal/utils/src/utils_assert.o
 .debug_line    0x00005e93      0x40b hal/utils/src/utils_syscalls.o
 .debug_line    0x0000629e      0xb18 hpl/core/hpl_core_m23_base.o
 .debug_line    0x00006db6      0xa37 hpl/core/hpl_init.o
 .debug_line    0x000077ed      0x9d5 hpl/gclk/hpl_gclk.o
 .debug_line    0x000081c2      0x994 hpl/mclk/hpl_mclk.o
 .debug_line    0x00008b56      0x9b5 hpl/osc32kctrl/hpl_osc32kctrl.o
 .debug_line    0x0000950b      0x9f8 hpl/oscctrl/hpl_oscctrl.o
 .debug_line    0x00009f03      0x9de hpl/pm/hpl_pm.o
 .debug_line    0x0000a8e1     0x2893 hpl/sercom/hpl_sercom.o
 .debug_line    0x0000d174      0xa00 hpl/systick/hpl_systick.o
 .debug_line    0x0000db74      0xbef hpl/wdt/hpl_wdt.o
 .debug_line    0x0000e763      0xd1e main.o
 .debug_line    0x0000f481      0x989 trustzone/trustzone_manager.o
 .debug_line    0x0000fe0a      0xbc0 trustzone/trustzone_veneer.o

.debug_str      0x00000000    0x92a00
 .debug_str     0x00000000    0x820f9 atmel_start.o
                              0x82684 (size before relaxing)
 .debug_str     0x000820f9     0x23cc BME280_Driver.o
                              0x84761 (size before relaxing)
 .debug_str     0x000844c5      0x519 Device_Startup/startup_saml11e16a.o
                              0x7e4c7 (size before relaxing)
 .debug_str     0x000849de     0x1322 driver_init.o
                              0x80e77 (size before relaxing)
 .debug_str     0x00085d00       0xb6 hal/src/hal_delay.o
                              0x7f05b (size before relaxing)
 .debug_str     0x00085db6      0x170 hal/src/hal_i2c_m_sync.o
                              0x7f8f4 (size before relaxing)
 .debug_str     0x00085f26       0x2c hal/src/hal_io.o
                              0x7f09e (size before relaxing)
 .debug_str     0x00085f52      0x49e hal/src/hal_usart_sync.o
                              0x7fb3e (size before relaxing)
 .debug_str     0x000863f0       0x2a hal/utils/src/utils_assert.o
                              0x7f001 (size before relaxing)
 .debug_str     0x0008641a     0x450b hal/utils/src/utils_syscalls.o
                               0x73a1 (size before relaxing)
 .debug_str     0x0008a925      0x420 hpl/core/hpl_core_m23_base.o
                              0x7fbe0 (size before relaxing)
 .debug_str     0x0008ad45     0x1089 hpl/core/hpl_init.o
                              0x803d3 (size before relaxing)
 .debug_str     0x0008bdce      0x581 hpl/gclk/hpl_gclk.o
                              0x7f671 (size before relaxing)
 .debug_str     0x0008c34f       0x47 hpl/mclk/hpl_mclk.o
                              0x7f3c8 (size before relaxing)
 .debug_str     0x0008c396      0x528 hpl/osc32kctrl/hpl_osc32kctrl.o
                              0x7f510 (size before relaxing)
 .debug_str     0x0008c8be      0x8ae hpl/oscctrl/hpl_oscctrl.o
                              0x7fb71 (size before relaxing)
 .debug_str     0x0008d16c      0x290 hpl/pm/hpl_pm.o
                              0x7f2b3 (size before relaxing)
 .debug_str     0x0008d3fc     0x4b7a hpl/sercom/hpl_sercom.o
                              0x853fb (size before relaxing)
 .debug_str     0x00091f76       0xcd hpl/systick/hpl_systick.o
                              0x7f049 (size before relaxing)
 .debug_str     0x00092043      0x452 hpl/wdt/hpl_wdt.o
                              0x7f5a5 (size before relaxing)
 .debug_str     0x00092495       0x8d main.o
                              0x884fb (size before relaxing)
 .debug_str     0x00092522       0x2e trustzone/trustzone_manager.o
                              0x81b4e (size before relaxing)
 .debug_str     0x00092550      0x4b0 trustzone/trustzone_veneer.o
                              0x829a4 (size before relaxing)

.debug_frame    0x00000000     0x2590
 .debug_frame   0x00000000       0x28 atmel_start.o
 .debug_frame   0x00000028      0x200 BME280_Driver.o
 .debug_frame   0x00000228       0x38 Device_Startup/startup_saml11e16a.o
 .debug_frame   0x00000260       0xf0 driver_init.o
 .debug_frame   0x00000350       0x68 hal/src/hal_delay.o
 .debug_frame   0x000003b8      0x164 hal/src/hal_i2c_m_sync.o
 .debug_frame   0x0000051c       0x58 hal/src/hal_io.o
 .debug_frame   0x00000574      0x200 hal/src/hal_usart_sync.o
 .debug_frame   0x00000774       0x20 hal/utils/src/utils_assert.o
 .debug_frame   0x00000794       0xa8 hal/utils/src/utils_syscalls.o
 .debug_frame   0x0000083c       0xcc hpl/core/hpl_core_m23_base.o
 .debug_frame   0x00000908       0x28 hpl/core/hpl_init.o
 .debug_frame   0x00000930       0x30 hpl/gclk/hpl_gclk.o
 .debug_frame   0x00000960       0x20 hpl/mclk/hpl_mclk.o
 .debug_frame   0x00000980       0x20 hpl/osc32kctrl/hpl_osc32kctrl.o
 .debug_frame   0x000009a0       0x30 hpl/oscctrl/hpl_oscctrl.o
 .debug_frame   0x000009d0       0x40 hpl/pm/hpl_pm.o
 .debug_frame   0x00000a10      0xe50 hpl/sercom/hpl_sercom.o
 .debug_frame   0x00001860       0x7c hpl/systick/hpl_systick.o
 .debug_frame   0x000018dc       0xc4 hpl/wdt/hpl_wdt.o
 .debug_frame   0x000019a0       0xd4 main.o
 .debug_frame   0x00001a74       0x48 trustzone/trustzone_veneer.o
 .debug_frame   0x00001abc       0x34 c:/program files (x86)/atmel/studio/7.0/toolchain/arm/arm-gnu-toolchain/bin/../lib/gcc/arm-none-eabi/6.3.1/thumb/v8-m.base\libgcc.a(addsf3.o)
 .debug_frame   0x00001af0       0x3c c:/program files (x86)/atmel/studio/7.0/toolchain/arm/arm-gnu-toolchain/bin/../lib/gcc/arm-none-eabi/6.3.1/thumb/v8-m.base\libgcc.a(divsf3.o)
 .debug_frame   0x00001b2c       0x38 c:/program files (x86)/atmel/studio/7.0/toolchain/arm/arm-gnu-toolchain/bin/../lib/gcc/arm-none-eabi/6.3.1/thumb/v8-m.base\libgcc.a(mulsf3.o)
 .debug_frame   0x00001b64       0x2c c:/program files (x86)/atmel/studio/7.0/toolchain/arm/arm-gnu-toolchain/bin/../lib/gcc/arm-none-eabi/6.3.1/thumb/v8-m.base\libgcc.a(floatsisf.o)
 .debug_frame   0x00001b90       0x28 c:/program files (x86)/atmel/studio/7.0/toolchain/arm/arm-gnu-toolchain/bin/../lib/gcc/arm-none-eabi/6.3.1/thumb/v8-m.base\libgcc.a(floatunsisf.o)
 .debug_frame   0x00001bb8       0x3c c:/program files (x86)/atmel/studio/7.0/toolchain/arm/arm-gnu-toolchain/bin/../lib/gcc/arm-none-eabi/6.3.1/thumb/v8-m.base\libgcc.a(divdf3.o)
 .debug_frame   0x00001bf4       0x3c c:/program files (x86)/atmel/studio/7.0/toolchain/arm/arm-gnu-toolchain/bin/../lib/gcc/arm-none-eabi/6.3.1/thumb/v8-m.base\libgcc.a(muldf3.o)
 .debug_frame   0x00001c30       0x38 c:/program files (x86)/atmel/studio/7.0/toolchain/arm/arm-gnu-toolchain/bin/../lib/gcc/arm-none-eabi/6.3.1/thumb/v8-m.base\libgcc.a(subdf3.o)
 .debug_frame   0x00001c68       0x2c c:/program files (x86)/atmel/studio/7.0/toolchain/arm/arm-gnu-toolchain/bin/../lib/gcc/arm-none-eabi/6.3.1/thumb/v8-m.base\libgcc.a(fixdfsi.o)
 .debug_frame   0x00001c94       0x2c c:/program files (x86)/atmel/studio/7.0/toolchain/arm/arm-gnu-toolchain/bin/../lib/gcc/arm-none-eabi/6.3.1/thumb/v8-m.base\libgcc.a(floatsidf.o)
 .debug_frame   0x00001cc0       0x28 c:/program files (x86)/atmel/studio/7.0/toolchain/arm/arm-gnu-toolchain/bin/../lib/gcc/arm-none-eabi/6.3.1/thumb/v8-m.base\libgcc.a(floatunsidf.o)
 .debug_frame   0x00001ce8       0x2c c:/program files (x86)/atmel/studio/7.0/toolchain/arm/arm-gnu-toolchain/bin/../lib/gcc/arm-none-eabi/6.3.1/thumb/v8-m.base\libgcc.a(extendsfdf2.o)
 .debug_frame   0x00001d14       0x38 c:/program files (x86)/atmel/studio/7.0/toolchain/arm/arm-gnu-toolchain/bin/../lib/gcc/arm-none-eabi/6.3.1/thumb/v8-m.base\libgcc.a(eqdf2.o)
 .debug_frame   0x00001d4c       0x38 c:/program files (x86)/atmel/studio/7.0/toolchain/arm/arm-gnu-toolchain/bin/../lib/gcc/arm-none-eabi/6.3.1/thumb/v8-m.base\libgcc.a(gedf2.o)
 .debug_frame   0x00001d84       0x38 c:/program files (x86)/atmel/studio/7.0/toolchain/arm/arm-gnu-toolchain/bin/../lib/gcc/arm-none-eabi/6.3.1/thumb/v8-m.base\libgcc.a(ledf2.o)
 .debug_frame   0x00001dbc       0xc4 c:/program files (x86)/atmel/studio/7.0/toolchain/arm/arm-gnu-toolchain/bin/../lib/gcc/arm-none-eabi/6.3.1/../../../../arm-none-eabi/lib/thumb/v8-m.base\libc_nano.a(lib_a-efgcvt.o)
 .debug_frame   0x00001e80       0x2c c:/program files (x86)/atmel/studio/7.0/toolchain/arm/arm-gnu-toolchain/bin/../lib/gcc/arm-none-eabi/6.3.1/../../../../arm-none-eabi/lib/thumb/v8-m.base\libc_nano.a(lib_a-init.o)
 .debug_frame   0x00001eac       0x40 c:/program files (x86)/atmel/studio/7.0/toolchain/arm/arm-gnu-toolchain/bin/../lib/gcc/arm-none-eabi/6.3.1/../../../../arm-none-eabi/lib/thumb/v8-m.base\libc_nano.a(lib_a-itoa.o)
 .debug_frame   0x00001eec       0x20 c:/program files (x86)/atmel/studio/7.0/toolchain/arm/arm-gnu-toolchain/bin/../lib/gcc/arm-none-eabi/6.3.1/../../../../arm-none-eabi/lib/thumb/v8-m.base\libc_nano.a(lib_a-memset.o)
 .debug_frame   0x00001f0c       0x48 c:/program files (x86)/atmel/studio/7.0/toolchain/arm/arm-gnu-toolchain/bin/../lib/gcc/arm-none-eabi/6.3.1/../../../../arm-none-eabi/lib/thumb/v8-m.base\libc_nano.a(lib_a-utoa.o)
 .debug_frame   0x00001f54       0xb0 c:/program files (x86)/atmel/studio/7.0/toolchain/arm/arm-gnu-toolchain/bin/../lib/gcc/arm-none-eabi/6.3.1/../../../../arm-none-eabi/lib/thumb/v8-m.base\libc_nano.a(lib_a-ecvtbuf.o)
 .debug_frame   0x00002004      0x140 c:/program files (x86)/atmel/studio/7.0/toolchain/arm/arm-gnu-toolchain/bin/../lib/gcc/arm-none-eabi/6.3.1/../../../../arm-none-eabi/lib/thumb/v8-m.base\libc_nano.a(lib_a-findfp.o)
 .debug_frame   0x00002144       0x28 c:/program files (x86)/atmel/studio/7.0/toolchain/arm/arm-gnu-toolchain/bin/../lib/gcc/arm-none-eabi/6.3.1/../../../../arm-none-eabi/lib/thumb/v8-m.base\libc_nano.a(lib_a-memcpy-stub.o)
 .debug_frame   0x0000216c      0x238 c:/program files (x86)/atmel/studio/7.0/toolchain/arm/arm-gnu-toolchain/bin/../lib/gcc/arm-none-eabi/6.3.1/../../../../arm-none-eabi/lib/thumb/v8-m.base\libc_nano.a(lib_a-mprec.o)
 .debug_frame   0x000023a4       0x2c c:/program files (x86)/atmel/studio/7.0/toolchain/arm/arm-gnu-toolchain/bin/../lib/gcc/arm-none-eabi/6.3.1/../../../../arm-none-eabi/lib/thumb/v8-m.base\libc_nano.a(lib_a-nano-callocr.o)
 .debug_frame   0x000023d0       0x2c c:/program files (x86)/atmel/studio/7.0/toolchain/arm/arm-gnu-toolchain/bin/../lib/gcc/arm-none-eabi/6.3.1/../../../../arm-none-eabi/lib/thumb/v8-m.base\libc_nano.a(lib_a-nano-mallocr.o)
 .debug_frame   0x000023fc       0x2c c:/program files (x86)/atmel/studio/7.0/toolchain/arm/arm-gnu-toolchain/bin/../lib/gcc/arm-none-eabi/6.3.1/../../../../arm-none-eabi/lib/thumb/v8-m.base\libc_nano.a(lib_a-sbrkr.o)
 .debug_frame   0x00002428       0x20 c:/program files (x86)/atmel/studio/7.0/toolchain/arm/arm-gnu-toolchain/bin/../lib/gcc/arm-none-eabi/6.3.1/../../../../arm-none-eabi/lib/thumb/v8-m.base\libc_nano.a(lib_a-strcpy.o)
 .debug_frame   0x00002448       0x54 c:/program files (x86)/atmel/studio/7.0/toolchain/arm/arm-gnu-toolchain/bin/../lib/gcc/arm-none-eabi/6.3.1/../../../../arm-none-eabi/lib/thumb/v8-m.base\libc_nano.a(lib_a-dtoa.o)
 .debug_frame   0x0000249c       0x40 c:/program files (x86)/atmel/studio/7.0/toolchain/arm/arm-gnu-toolchain/bin/../lib/gcc/arm-none-eabi/6.3.1/../../../../arm-none-eabi/lib/thumb/v8-m.base\libc_nano.a(lib_a-malloc.o)
 .debug_frame   0x000024dc       0x30 c:/program files (x86)/atmel/studio/7.0/toolchain/arm/arm-gnu-toolchain/bin/../lib/gcc/arm-none-eabi/6.3.1/../../../../arm-none-eabi/lib/thumb/v8-m.base\libc_nano.a(lib_a-mlock.o)
 .debug_frame   0x0000250c       0x48 c:/program files (x86)/atmel/studio/7.0/toolchain/arm/arm-gnu-toolchain/bin/../lib/gcc/arm-none-eabi/6.3.1/../../../../arm-none-eabi/lib/thumb/v8-m.base\libc_nano.a(lib_a-reent.o)
 .debug_frame   0x00002554       0x3c c:/program files (x86)/atmel/studio/7.0/toolchain/arm/arm-gnu-toolchain/bin/../lib/gcc/arm-none-eabi/6.3.1/thumb/v8-m.base\libgcc.a(adddf3.o)
